Archive member included to satisfy reference by file (symbol)

C:/Users/pasad/.pico-sdk/toolchain/13_3_Rel1/bin/../lib/gcc/arm-none-eabi/13.3.1/thumb/v6-m/nofp\libgcc.a(_dvmd_tls.o)
                              CMakeFiles/hello_usb.dir/C_/Users/pasad/.pico-sdk/sdk/2.1.0/src/rp2_common/pico_divider/divider_hardware.S.obj (__aeabi_idiv0)
C:/Users/pasad/.pico-sdk/toolchain/13_3_Rel1/bin/../lib/gcc/arm-none-eabi/13.3.1/thumb/v6-m/nofp\libg.a(libc_a-calloc.o)
                              CMakeFiles/hello_usb.dir/C_/Users/pasad/.pico-sdk/sdk/2.1.0/src/rp2_common/pico_malloc/malloc.c.obj (calloc)
C:/Users/pasad/.pico-sdk/toolchain/13_3_Rel1/bin/../lib/gcc/arm-none-eabi/13.3.1/thumb/v6-m/nofp\libg.a(libc_a-callocr.o)
                              C:/Users/pasad/.pico-sdk/toolchain/13_3_Rel1/bin/../lib/gcc/arm-none-eabi/13.3.1/thumb/v6-m/nofp\libg.a(libc_a-calloc.o) (_calloc_r)
C:/Users/pasad/.pico-sdk/toolchain/13_3_Rel1/bin/../lib/gcc/arm-none-eabi/13.3.1/thumb/v6-m/nofp\libg.a(libc_a-malloc.o)
                              CMakeFiles/hello_usb.dir/C_/Users/pasad/.pico-sdk/sdk/2.1.0/src/rp2_common/pico_malloc/malloc.c.obj (malloc)
C:/Users/pasad/.pico-sdk/toolchain/13_3_Rel1/bin/../lib/gcc/arm-none-eabi/13.3.1/thumb/v6-m/nofp\libg.a(libc_a-mallocr.o)
                              C:/Users/pasad/.pico-sdk/toolchain/13_3_Rel1/bin/../lib/gcc/arm-none-eabi/13.3.1/thumb/v6-m/nofp\libg.a(libc_a-callocr.o) (_malloc_r)
C:/Users/pasad/.pico-sdk/toolchain/13_3_Rel1/bin/../lib/gcc/arm-none-eabi/13.3.1/thumb/v6-m/nofp\libg.a(libc_a-mlock.o)
                              C:/Users/pasad/.pico-sdk/toolchain/13_3_Rel1/bin/../lib/gcc/arm-none-eabi/13.3.1/thumb/v6-m/nofp\libg.a(libc_a-mallocr.o) (__malloc_lock)
C:/Users/pasad/.pico-sdk/toolchain/13_3_Rel1/bin/../lib/gcc/arm-none-eabi/13.3.1/thumb/v6-m/nofp\libg.a(libc_a-realloc.o)
                              CMakeFiles/hello_usb.dir/C_/Users/pasad/.pico-sdk/sdk/2.1.0/src/rp2_common/pico_malloc/malloc.c.obj (realloc)
C:/Users/pasad/.pico-sdk/toolchain/13_3_Rel1/bin/../lib/gcc/arm-none-eabi/13.3.1/thumb/v6-m/nofp\libg.a(libc_a-reallocr.o)
                              C:/Users/pasad/.pico-sdk/toolchain/13_3_Rel1/bin/../lib/gcc/arm-none-eabi/13.3.1/thumb/v6-m/nofp\libg.a(libc_a-realloc.o) (_realloc_r)
C:/Users/pasad/.pico-sdk/toolchain/13_3_Rel1/bin/../lib/gcc/arm-none-eabi/13.3.1/thumb/v6-m/nofp\libg.a(libc_a-ctype_.o)
                              CMakeFiles/hello_usb.dir/C_/Users/pasad/.pico-sdk/sdk/2.1.0/lib/tinyusb/src/tusb.c.obj (_ctype_)
C:/Users/pasad/.pico-sdk/toolchain/13_3_Rel1/bin/../lib/gcc/arm-none-eabi/13.3.1/thumb/v6-m/nofp\libg.a(libc_a-memcmp.o)
                              CMakeFiles/hello_usb.dir/C_/Users/pasad/.pico-sdk/sdk/2.1.0/src/rp2_common/pico_atomic/atomic.c.obj (memcmp)
C:/Users/pasad/.pico-sdk/toolchain/13_3_Rel1/bin/../lib/gcc/arm-none-eabi/13.3.1/thumb/v6-m/nofp\libg.a(libc_a-memmove.o)
                              C:/Users/pasad/.pico-sdk/toolchain/13_3_Rel1/bin/../lib/gcc/arm-none-eabi/13.3.1/thumb/v6-m/nofp\libg.a(libc_a-reallocr.o) (memmove)
C:/Users/pasad/.pico-sdk/toolchain/13_3_Rel1/bin/../lib/gcc/arm-none-eabi/13.3.1/thumb/v6-m/nofp\libg.a(libc_a-lcltime_r.o)
                              CMakeFiles/hello_usb.dir/C_/Users/pasad/.pico-sdk/sdk/2.1.0/src/common/pico_util/datetime.c.obj (localtime_r)
C:/Users/pasad/.pico-sdk/toolchain/13_3_Rel1/bin/../lib/gcc/arm-none-eabi/13.3.1/thumb/v6-m/nofp\libg.a(libc_a-mktime.o)
                              CMakeFiles/hello_usb.dir/C_/Users/pasad/.pico-sdk/sdk/2.1.0/src/common/pico_util/datetime.c.obj (mktime)
C:/Users/pasad/.pico-sdk/toolchain/13_3_Rel1/bin/../lib/gcc/arm-none-eabi/13.3.1/thumb/v6-m/nofp\libg.a(libc_a-month_lengths.o)
                              C:/Users/pasad/.pico-sdk/toolchain/13_3_Rel1/bin/../lib/gcc/arm-none-eabi/13.3.1/thumb/v6-m/nofp\libg.a(libc_a-lcltime_r.o) (__month_lengths)
C:/Users/pasad/.pico-sdk/toolchain/13_3_Rel1/bin/../lib/gcc/arm-none-eabi/13.3.1/thumb/v6-m/nofp\libg.a(libc_a-tzcalc_limits.o)
                              C:/Users/pasad/.pico-sdk/toolchain/13_3_Rel1/bin/../lib/gcc/arm-none-eabi/13.3.1/thumb/v6-m/nofp\libg.a(libc_a-lcltime_r.o) (__tzcalc_limits)
C:/Users/pasad/.pico-sdk/toolchain/13_3_Rel1/bin/../lib/gcc/arm-none-eabi/13.3.1/thumb/v6-m/nofp\libg.a(libc_a-tzlock.o)
                              C:/Users/pasad/.pico-sdk/toolchain/13_3_Rel1/bin/../lib/gcc/arm-none-eabi/13.3.1/thumb/v6-m/nofp\libg.a(libc_a-lcltime_r.o) (__tz_lock)
C:/Users/pasad/.pico-sdk/toolchain/13_3_Rel1/bin/../lib/gcc/arm-none-eabi/13.3.1/thumb/v6-m/nofp\libg.a(libc_a-tzset.o)
                              C:/Users/pasad/.pico-sdk/toolchain/13_3_Rel1/bin/../lib/gcc/arm-none-eabi/13.3.1/thumb/v6-m/nofp\libg.a(libc_a-lcltime_r.o) (_tzset_unlocked)
C:/Users/pasad/.pico-sdk/toolchain/13_3_Rel1/bin/../lib/gcc/arm-none-eabi/13.3.1/thumb/v6-m/nofp\libg.a(libc_a-tzset_r.o)
[...]
Memory Configuration

Name             Origin             Length             Attributes
FLASH            0x10000000         0x00200000         xr
RAM              0x20000000         0x00040000         xrw
SCRATCH_X        0x20040000         0x00001000         xrw
SCRATCH_Y        0x20041000         0x00001000         xrw
*default*        0x00000000         0xffffffff

Linker script and memory map

LOAD C:/Users/pasad/.pico-sdk/toolchain/13_3_Rel1/bin/../lib/gcc/arm-none-eabi/13.3.1/thumb/v6-m/nofp/crti.o
LOAD C:/Users/pasad/.pico-sdk/toolchain/13_3_Rel1/bin/../lib/gcc/arm-none-eabi/13.3.1/thumb/v6-m/nofp/crtbegin.o
LOAD C:/Users/pasad/.pico-sdk/toolchain/13_3_Rel1/bin/../lib/gcc/arm-none-eabi/13.3.1/thumb/v6-m/nofp/crt0.o

.flash_begin    0x10000000        0x0
                0x10000000                        __flash_binary_start = .

.boot2          0x10000000      0x100
                0x10000000                        __boot2_start__ = .
 *(.boot2)
 .boot2         0x10000000      0x100 pico-sdk/src/rp2040/boot_stage2/CMakeFiles/bs2_default_library.dir/./bs2_default_padded_checksummed.S.obj
                0x10000100                        __boot2_end__ = .
                0x00000001                        ASSERT (((__boot2_end__ - __boot2_start__) == 0x100), ERROR: Pico second stage bootloader must be 256 bytes in size)

.text           0x10000100     0x6bec
                0x10000100                        __logical_binary_start = .
 *(.vectors)
 .vectors       0x10000100       0xd4 CMakeFiles/hello_usb.dir/C_/Users/pasad/.pico-sdk/sdk/2.1.0/src/rp2_common/pico_crt0/crt0.S.obj
                0x10000100                __VECTOR_TABLE
                0x10000100                __vectors
                0x100001c0                isr_invalid
                0x100001c0                __default_isrs_start
                0x100001c2                isr_nmi
                0x100001c4                isr_hardfault
                0x100001c6                isr_svcall
                0x100001c8                isr_pendsv
                0x100001ca                isr_systick
                0x100001cc                isr_irq23
                0x100001cc                isr_irq18
                0x100001cc                isr_irq11
                0x100001cc                isr_irq28
                0x100001cc                isr_irq19
                0x100001cc                isr_irq0
                0x100001cc                isr_irq6
                0x100001cc                isr_irq5
                0x100001cc                isr_irq12
                0x100001cc                isr_irq22
                0x100001cc                isr_irq31
                0x100001cc                isr_irq17
                0x100001cc                isr_irq27
                0x100001cc                isr_irq30
                0x100001cc                isr_irq2
                0x100001cc                isr_irq10
                0x100001cc                isr_irq8
                0x100001cc                isr_irq24
                0x100001cc                isr_irq1
                0x100001cc                isr_irq7
                0x100001cc                isr_irq21
                0x100001cc                isr_irq20
                0x100001cc                isr_irq15
                0x100001cc                isr_irq25
                0x100001cc                isr_irq13
                0x100001cc                __unhandled_user_irq
                0x100001cc                isr_irq4
                0x100001cc                isr_irq16
                0x100001cc                isr_irq29
                0x100001cc                isr_irq26
                0x100001cc                __default_isrs_end
                0x100001cc                isr_irq3
                0x100001cc                isr_irq14
                0x100001cc                isr_irq9
                0x100001d2                unhandled_user_irq_num_in_r0
 *(.binary_info_header)
 .binary_info_header
                0x100001d4       0x14 CMakeFiles/hello_usb.dir/C_/Users/pasad/.pico-sdk/sdk/2.1.0/src/rp2_common/pico_crt0/crt0.S.obj
                0x100001e8                        __binary_info_header_end = .
 *(.embedded_block)
                0x100001e8                        __embedded_block_end = .
 *(.reset)
 .reset         0x100001e8       0x9c CMakeFiles/hello_usb.dir/C_/Users/pasad/.pico-sdk/sdk/2.1.0/src/rp2_common/pico_crt0/crt0.S.obj
                0x100001e8                _entry_point
 *(.init)
 .init          0x10000284        0x4 C:/Users/pasad/.pico-sdk/toolchain/13_3_Rel1/bin/../lib/gcc/arm-none-eabi/13.3.1/thumb/v6-m/nofp/crti.o
                0x10000284                _init
 *(EXCLUDE_FILE(*libm.a: *libc.a:*lib_a-mem*.o *libgcc.a:) .text*)
 .text.register_tm_clones
                0x10000288       0x28 C:/Users/pasad/.pico-sdk/toolchain/13_3_Rel1/bin/../lib/gcc/arm-none-eabi/13.3.1/thumb/v6-m/nofp/crtbegin.o
 .text.frame_dummy
                0x100002b0       0x24 C:/Users/pasad/.pico-sdk/toolchain/13_3_Rel1/bin/../lib/gcc/arm-none-eabi/13.3.1/thumb/v6-m/nofp/crtbegin.o
 .text.adc_gpio_init
                0x100002d4       0x1e CMakeFiles/hello_usb.dir/hello_usb.c.obj
 *fill*         0x100002f2        0x2 
 .text.main     0x100002f4      0x164 CMakeFiles/hello_usb.dir/hello_usb.c.obj
                0x100002f4                main
 .text.gpio_set_function
                0x10000458       0x34 CMakeFiles/hello_usb.dir/C_/Users/pasad/.pico-sdk/sdk/2.1.0/src/rp2_common/hardware_gpio/gpio.c.obj
                0x10000458                gpio_set_function
 .text.gpio_set_pulls
                0x1000048c       0x38 CMakeFiles/hello_usb.dir/C_/Users/pasad/.pico-sdk/sdk/2.1.0/src/rp2_common/hardware_gpio/gpio.c.obj
                0x1000048c                gpio_set_pulls
 .text.gpio_set_input_enabled
                0x100004c4       0x28 CMakeFiles/hello_usb.dir/C_/Users/pasad/.pico-sdk/sdk/2.1.0/src/rp2_common/hardware_gpio/gpio.c.obj
                0x100004c4                gpio_set_input_enabled
 .text.gpio_init
                0x100004ec       0x16 CMakeFiles/hello_usb.dir/C_/Users/pasad/.pico-sdk/sdk/2.1.0/src/rp2_common/hardware_gpio/gpio.c.obj
                0x100004ec                gpio_init
 *fill*         0x10000502        0x2 
 .text.rp2040_chip_version
                0x10000504       0x54 CMakeFiles/hello_usb.dir/C_/Users/pasad/.pico-sdk/sdk/2.1.0/src/rp2040/pico_platform/platform.c.obj
                0x10000504                rp2040_chip_version
 .text.panic    0x10000558       0x30 CMakeFiles/hello_usb.dir/C_/Users/pasad/.pico-sdk/sdk/2.1.0/src/rp2_common/pico_platform_panic/panic.c.obj
                0x10000558                panic
 .text.hw_claim_lock
                0x10000588       0x18 CMakeFiles/hello_usb.dir/C_/Users/pasad/.pico-sdk/sdk/2.1.0/src/common/hardware_claim/claim.c.obj
                0x10000588                hw_claim_lock
 .text.hw_claim_unlock
                0x100005a0       0x14 CMakeFiles/hello_usb.dir/C_/Users/pasad/.pico-sdk/sdk/2.1.0/src/common/hardware_claim/claim.c.obj
                0x100005a0                hw_claim_unlock
 .text.hw_claim_or_assert
                0x100005b4       0x32 CMakeFiles/hello_usb.dir/C_/Users/pasad/.pico-sdk/sdk/2.1.0/src/common/hardware_claim/claim.c.obj
                0x100005b4                hw_claim_or_assert
 .text.hw_claim_unused_from_range
                0x100005e6       0x50 CMakeFiles/hello_usb.dir/C_/Users/pasad/.pico-sdk/sdk/2.1.0/src/common/hardware_claim/claim.c.obj
                0x100005e6                hw_claim_unused_from_range
 *fill*         0x10000636        0x2 
 .text.next_striped_spin_lock_num
                0x10000638       0x1c CMakeFiles/hello_usb.dir/C_/Users/pasad/.pico-sdk/sdk/2.1.0/src/rp2_common/hardware_sync/sync.c.obj
                0x10000638                next_striped_spin_lock_num
 .text.spin_lock_claim_unused
                0x10000654       0x24 CMakeFiles/hello_usb.dir/C_/Users/pasad/.pico-sdk/sdk/2.1.0/src/rp2_common/hardware_sync/sync.c.obj
                0x10000654                spin_lock_claim_unused
 .text.spin_locks_reset
                0x10000678       0x20 CMakeFiles/hello_usb.dir/C_/Users/pasad/.pico-sdk/sdk/2.1.0/src/rp2_common/hardware_sync_spin_lock/sync_spin_lock.c.obj
                0x10000678                spin_locks_reset
 .text.set_raw_irq_handler_and_unlock
                0x10000698       0x28 CMakeFiles/hello_usb.dir/C_/Users/pasad/.pico-sdk/sdk/2.1.0/src/rp2_common/hardware_irq/irq.c.obj
 .text.nvic_ipr0
                0x100006c0        0x8 CMakeFiles/hello_usb.dir/C_/Users/pasad/.pico-sdk/sdk/2.1.0/src/rp2_common/hardware_irq/irq.c.obj
 .text.runtime_init_per_core_irq_priorities
                0x100006c8       0x1c CMakeFiles/hello_usb.dir/C_/Users/pasad/.pico-sdk/sdk/2.1.0/src/rp2_common/hardware_irq/irq.c.obj
                0x100006c8                runtime_init_per_core_irq_priorities
 .text.resolve_j_16
                0x100006e4       0x30 CMakeFiles/hello_usb.dir/C_/Users/pasad/.pico-sdk/sdk/2.1.0/src/rp2_common/hardware_irq/irq.c.obj
 .text.make_j_16
                0x10000714       0x48 CMakeFiles/hello_usb.dir/C_/Users/pasad/.pico-sdk/sdk/2.1.0/src/rp2_common/hardware_irq/irq.c.obj
 .text.irq_is_enabled
                0x1000075c       0x18 CMakeFiles/hello_usb.dir/C_/Users/pasad/.pico-sdk/sdk/2.1.0/src/rp2_common/hardware_irq/irq.c.obj
                0x1000075c                irq_is_enabled
 .text.irq_set_mask_n_enabled
                0x10000774       0x1c CMakeFiles/hello_usb.dir/C_/Users/pasad/.pico-sdk/sdk/2.1.0/src/rp2_common/hardware_irq/irq.c.obj
                0x10000774                irq_set_mask_n_enabled
 .text.irq_set_enabled
                0x10000790       0x14 CMakeFiles/hello_usb.dir/C_/Users/pasad/.pico-sdk/sdk/2.1.0/src/rp2_common/hardware_irq/irq.c.obj
                0x10000790                irq_set_enabled
 .text.irq_set_pending
                0x100007a4       0x10 CMakeFiles/hello_usb.dir/C_/Users/pasad/.pico-sdk/sdk/2.1.0/src/rp2_common/hardware_irq/irq.c.obj
                0x100007a4                irq_set_pending
 .text.irq_get_vtable_handler
                0x100007b4       0x10 CMakeFiles/hello_usb.dir/C_/Users/pasad/.pico-sdk/sdk/2.1.0/src/rp2_common/hardware_irq/irq.c.obj
                0x100007b4                irq_get_vtable_handler
 .text.irq_has_shared_handler
                0x100007c4       0x24 CMakeFiles/hello_usb.dir/C_/Users/pasad/.pico-sdk/sdk/2.1.0/src/rp2_common/hardware_irq/irq.c.obj
                0x100007c4                irq_has_shared_handler
 .text.irq_set_exclusive_handler
                0x100007e8       0x54 CMakeFiles/hello_usb.dir/C_/Users/pasad/.pico-sdk/sdk/2.1.0/src/rp2_common/hardware_irq/irq.c.obj
                0x100007e8                irq_set_exclusive_handler
 .text.irq_add_shared_handler
                0x1000083c      0x218 CMakeFiles/hello_usb.dir/C_/Users/pasad/.pico-sdk/sdk/2.1.0/src/rp2_common/hardware_irq/irq.c.obj
                0x1000083c                irq_add_shared_handler
 .text.irq_add_tail_to_free_list
                0x10000a54       0xf4 CMakeFiles/hello_usb.dir/C_/Users/pasad/.pico-sdk/sdk/2.1.0/src/rp2_common/hardware_irq/irq.c.obj
                0x10000a54                irq_add_tail_to_free_list
 .text.user_irq_claim_unused
                0x10000b48       0x2c CMakeFiles/hello_usb.dir/C_/Users/pasad/.pico-sdk/sdk/2.1.0/src/rp2_common/hardware_irq/irq.c.obj
                0x10000b48                user_irq_claim_unused
 .text.lock_init
                0x10000b74       0x10 CMakeFiles/hello_usb.dir/C_/Users/pasad/.pico-sdk/sdk/2.1.0/src/common/pico_sync/lock_core.c.obj
                0x10000b74                lock_init
 .text.mutex_init
                0x10000b84       0x1a CMakeFiles/hello_usb.dir/C_/Users/pasad/.pico-sdk/sdk/2.1.0/src/common/pico_sync/mutex.c.obj
                0x10000b84                mutex_init
 .text.recursive_mutex_init
                0x10000b9e       0x1e CMakeFiles/hello_usb.dir/C_/Users/pasad/.pico-sdk/sdk/2.1.0/src/common/pico_sync/mutex.c.obj
                0x10000b9e                recursive_mutex_init
 .text.runtime_init_mutex
                0x10000bbc       0x4c CMakeFiles/hello_usb.dir/C_/Users/pasad/.pico-sdk/sdk/2.1.0/src/common/pico_sync/mutex.c.obj
                0x10000bbc                runtime_init_mutex
 .text.critical_section_init_with_lock_num
                0x10000c08       0x14 CMakeFiles/hello_usb.dir/C_/Users/pasad/.pico-sdk/sdk/2.1.0/src/common/pico_sync/critical_section.c.obj
                0x10000c08                critical_section_init_with_lock_num
 .text.critical_section_init
                0x10000c1c       0x14 CMakeFiles/hello_usb.dir/C_/Users/pasad/.pico-sdk/sdk/2.1.0/src/common/pico_sync/critical_section.c.obj
                0x10000c1c                critical_section_init
 .text.make_alarm_id
                0x10000c30        0x6 CMakeFiles/hello_usb.dir/C_/Users/pasad/.pico-sdk/sdk/2.1.0/src/common/pico_time/time.c.obj
 *fill*         0x10000c36        0x2 
 .text.sleep_until_callback
                0x10000c38       0x30 CMakeFiles/hello_usb.dir/C_/Users/pasad/.pico-sdk/sdk/2.1.0/src/common/pico_time/time.c.obj
 .text.alarm_pool_irq_handler
                0x10000c68      0x2f8 CMakeFiles/hello_usb.dir/C_/Users/pasad/.pico-sdk/sdk/2.1.0/src/common/pico_time/time.c.obj
 .text.ta_enable_irq_handler
                0x10000f60       0x2c CMakeFiles/hello_usb.dir/C_/Users/pasad/.pico-sdk/sdk/2.1.0/src/common/pico_time/time.c.obj
 .text.alarm_pool_post_alloc_init
                0x10000f8c       0x78 CMakeFiles/hello_usb.dir/C_/Users/pasad/.pico-sdk/sdk/2.1.0/src/common/pico_time/time.c.obj
 .text.alarm_pool_get_default
                0x10001004       0x2c CMakeFiles/hello_usb.dir/C_/Users/pasad/.pico-sdk/sdk/2.1.0/src/common/pico_time/time.c.obj
                0x10001004                alarm_pool_get_default
 .text.alarm_pool_add_alarm_at_force_in_context
                0x10001030       0xa4 CMakeFiles/hello_usb.dir/C_/Users/pasad/.pico-sdk/sdk/2.1.0/src/common/pico_time/time.c.obj
                0x10001030                alarm_pool_add_alarm_at_force_in_context
 .text.alarm_pool_add_alarm_at
                0x100010d4       0x3c CMakeFiles/hello_usb.dir/C_/Users/pasad/.pico-sdk/sdk/2.1.0/src/common/pico_time/time.c.obj
                0x100010d4                alarm_pool_add_alarm_at
 .text.add_alarm_at
                0x10001110       0x2e CMakeFiles/hello_usb.dir/C_/Users/pasad/.pico-sdk/sdk/2.1.0/src/common/pico_time/time.c.obj
 *fill*         0x1000113e        0x2 
 .text.alarm_pool_cancel_alarm
                0x10001140       0x78 CMakeFiles/hello_usb.dir/C_/Users/pasad/.pico-sdk/sdk/2.1.0/src/common/pico_time/time.c.obj
                0x10001140                alarm_pool_cancel_alarm
 .text.cancel_alarm
                0x100011b8       0x10 CMakeFiles/hello_usb.dir/C_/Users/pasad/.pico-sdk/sdk/2.1.0/src/common/pico_time/time.c.obj
 .text.alarm_pool_core_num
                0x100011c8        0x4 CMakeFiles/hello_usb.dir/C_/Users/pasad/.pico-sdk/sdk/2.1.0/src/common/pico_time/time.c.obj
                0x100011c8                alarm_pool_core_num
 .text.sleep_until
                0x100011cc       0xc0 CMakeFiles/hello_usb.dir/C_/Users/pasad/.pico-sdk/sdk/2.1.0/src/common/pico_time/time.c.obj
                0x100011cc                sleep_until
 .text.sleep_us
                0x1000128c       0x24 CMakeFiles/hello_usb.dir/C_/Users/pasad/.pico-sdk/sdk/2.1.0/src/common/pico_time/time.c.obj
                0x1000128c                sleep_us
 .text.sleep_ms
                0x100012b0       0x14 CMakeFiles/hello_usb.dir/C_/Users/pasad/.pico-sdk/sdk/2.1.0/src/common/pico_time/time.c.obj
                0x100012b0                sleep_ms
 .text.best_effort_wfe_or_timeout
                0x100012c4      0x104 CMakeFiles/hello_usb.dir/C_/Users/pasad/.pico-sdk/sdk/2.1.0/src/common/pico_time/time.c.obj
                0x100012c4                best_effort_wfe_or_timeout
 .text.alarm_pool_get_default_timer
                0x100013c8        0x8 CMakeFiles/hello_usb.dir/C_/Users/pasad/.pico-sdk/sdk/2.1.0/src/common/pico_time/time.c.obj
                0x100013c8                alarm_pool_get_default_timer
 .text.runtime_init_default_alarm_pool
                0x100013d0       0x38 CMakeFiles/hello_usb.dir/C_/Users/pasad/.pico-sdk/sdk/2.1.0/src/common/pico_time/time.c.obj
                0x100013d0                runtime_init_default_alarm_pool
 .text.timer_hardware_alarm_claim
                0x10001408       0x14 CMakeFiles/hello_usb.dir/C_/Users/pasad/.pico-sdk/sdk/2.1.0/src/rp2_common/hardware_timer/timer.c.obj
                0x10001408                timer_hardware_alarm_claim
 .text.timer_time_us_64
                0x1000141c       0x10 CMakeFiles/hello_usb.dir/C_/Users/pasad/.pico-sdk/sdk/2.1.0/src/rp2_common/hardware_timer/timer.c.obj
                0x1000141c                timer_time_us_64
 .text.timer_busy_wait_until
                0x1000142c       0x1a CMakeFiles/hello_usb.dir/C_/Users/pasad/.pico-sdk/sdk/2.1.0/src/rp2_common/hardware_timer/timer.c.obj
                0x1000142c                timer_busy_wait_until
 *fill*         0x10001446        0x2 
 .text.time_us_64
                0x10001448       0x10 CMakeFiles/hello_usb.dir/C_/Users/pasad/.pico-sdk/sdk/2.1.0/src/rp2_common/hardware_timer/timer.c.obj
                0x10001448                time_us_64
 .text.busy_wait_until
                0x10001458       0x14 CMakeFiles/hello_usb.dir/C_/Users/pasad/.pico-sdk/sdk/2.1.0/src/rp2_common/hardware_timer/timer.c.obj
                0x10001458                busy_wait_until
 .text.clock_configure_internal
                0x1000146c       0xc4 CMakeFiles/hello_usb.dir/C_/Users/pasad/.pico-sdk/sdk/2.1.0/src/rp2_common/hardware_clocks/clocks.c.obj
 .text.clock_configure_int_divider
                0x10001530       0x28 CMakeFiles/hello_usb.dir/C_/Users/pasad/.pico-sdk/sdk/2.1.0/src/rp2_common/hardware_clocks/clocks.c.obj
                0x10001530                clock_configure_int_divider
 .text.clock_configure_undivided
                0x10001558       0x12 CMakeFiles/hello_usb.dir/C_/Users/pasad/.pico-sdk/sdk/2.1.0/src/rp2_common/hardware_clocks/clocks.c.obj
                0x10001558                clock_configure_undivided
 *fill*         0x1000156a        0x2 
 .text.clock_get_hz
                0x1000156c        0xc CMakeFiles/hello_usb.dir/C_/Users/pasad/.pico-sdk/sdk/2.1.0/src/rp2_common/hardware_clocks/clocks.c.obj
                0x1000156c                clock_get_hz
 .text.pll_init
                0x10001578      0x124 CMakeFiles/hello_usb.dir/C_/Users/pasad/.pico-sdk/sdk/2.1.0/src/rp2_common/hardware_pll/pll.c.obj
                0x10001578                pll_init
 .text.watchdog_update
                0x1000169c       0x14 CMakeFiles/hello_usb.dir/C_/Users/pasad/.pico-sdk/sdk/2.1.0/src/rp2_common/hardware_watchdog/watchdog.c.obj
                0x1000169c                watchdog_update
 .text._watchdog_enable
                0x100016b0       0x7c CMakeFiles/hello_usb.dir/C_/Users/pasad/.pico-sdk/sdk/2.1.0/src/rp2_common/hardware_watchdog/watchdog.c.obj
                0x100016b0                _watchdog_enable
 .text.watchdog_reboot
                0x1000172c       0x48 CMakeFiles/hello_usb.dir/C_/Users/pasad/.pico-sdk/sdk/2.1.0/src/rp2_common/hardware_watchdog/watchdog.c.obj
                0x1000172c                watchdog_reboot
 .text.tick_start
                0x10001774       0x10 CMakeFiles/hello_usb.dir/C_/Users/pasad/.pico-sdk/sdk/2.1.0/src/rp2_common/hardware_ticks/ticks.c.obj
                0x10001774                tick_start
 .text.rom_func_lookup
                0x10001784       0x10 CMakeFiles/hello_usb.dir/C_/Users/pasad/.pico-sdk/sdk/2.1.0/src/rp2_common/pico_bootrom/bootrom.c.obj
                0x10001784                rom_func_lookup
 .text.rom_data_lookup
                0x10001794       0x10 CMakeFiles/hello_usb.dir/C_/Users/pasad/.pico-sdk/sdk/2.1.0/src/rp2_common/pico_bootrom/bootrom.c.obj
                0x10001794                rom_data_lookup
 .text.rom_funcs_lookup
                0x100017a4       0x36 CMakeFiles/hello_usb.dir/C_/Users/pasad/.pico-sdk/sdk/2.1.0/src/rp2_common/pico_bootrom/bootrom.c.obj
                0x100017a4                rom_funcs_lookup
 *fill*         0x100017da        0x2 
 .text.rom_reset_usb_boot_extra
                0x100017dc       0x24 CMakeFiles/hello_usb.dir/C_/Users/pasad/.pico-sdk/sdk/2.1.0/src/rp2_common/pico_bootrom/bootrom.c.obj
                0x100017dc                rom_reset_usb_boot_extra
 .text.xosc_init
                0x10001800       0x28 CMakeFiles/hello_usb.dir/C_/Users/pasad/.pico-sdk/sdk/2.1.0/src/rp2_common/hardware_xosc/xosc.c.obj
                0x10001800                xosc_init
 .text.runtime_run_initializers_from
                0x10001828       0x18 CMakeFiles/hello_usb.dir/C_/Users/pasad/.pico-sdk/sdk/2.1.0/src/rp2_common/pico_runtime/runtime.c.obj
 .text.first_per_core_initializer
                0x10001840        0x2 CMakeFiles/hello_usb.dir/C_/Users/pasad/.pico-sdk/sdk/2.1.0/src/rp2_common/pico_runtime/runtime.c.obj
 *fill*         0x10001842        0x2 
 .text.runtime_run_initializers
                0x10001844       0x10 CMakeFiles/hello_usb.dir/C_/Users/pasad/.pico-sdk/sdk/2.1.0/src/rp2_common/pico_runtime/runtime.c.obj
                0x10001844                runtime_run_initializers
 .text.runtime_init_early_resets
                0x10001854       0x2c CMakeFiles/hello_usb.dir/C_/Users/pasad/.pico-sdk/sdk/2.1.0/src/rp2_common/pico_runtime_init/runtime_init.c.obj
                0x10001854                runtime_init_early_resets
 .text.runtime_init_usb_power_down
                0x10001880       0x1c CMakeFiles/hello_usb.dir/C_/Users/pasad/.pico-sdk/sdk/2.1.0/src/rp2_common/pico_runtime_init/runtime_init.c.obj
                0x10001880                runtime_init_usb_power_down
 .text.runtime_init_post_clock_resets
                0x1000189c       0x20 CMakeFiles/hello_usb.dir/C_/Users/pasad/.pico-sdk/sdk/2.1.0/src/rp2_common/pico_runtime_init/runtime_init.c.obj
                0x1000189c                runtime_init_post_clock_resets
 .text.runtime_init_rp2040_gpio_ie_disable
                0x100018bc       0x14 CMakeFiles/hello_usb.dir/C_/Users/pasad/.pico-sdk/sdk/2.1.0/src/rp2_common/pico_runtime_init/runtime_init.c.obj
                0x100018bc                runtime_init_rp2040_gpio_ie_disable
 .text.runtime_init_spin_locks_reset
                0x100018d0        0x8 CMakeFiles/hello_usb.dir/C_/Users/pasad/.pico-sdk/sdk/2.1.0/src/rp2_common/pico_runtime_init/runtime_init.c.obj
                0x100018d0                runtime_init_spin_locks_reset
 .text.runtime_init_install_ram_vector_table
                0x100018d8       0x1c CMakeFiles/hello_usb.dir/C_/Users/pasad/.pico-sdk/sdk/2.1.0/src/rp2_common/pico_runtime_init/runtime_init.c.obj
                0x100018d8                runtime_init_install_ram_vector_table
 .text.start_all_ticks
                0x100018f4       0x28 CMakeFiles/hello_usb.dir/C_/Users/pasad/.pico-sdk/sdk/2.1.0/src/rp2_common/pico_runtime_init/runtime_init_clocks.c.obj
 .text.runtime_init_clocks
                0x1000191c       0xcc CMakeFiles/hello_usb.dir/C_/Users/pasad/.pico-sdk/sdk/2.1.0/src/rp2_common/pico_runtime_init/runtime_init_clocks.c.obj
                0x1000191c                runtime_init_clocks
 .text          0x100019e8       0x10 CMakeFiles/hello_usb.dir/C_/Users/pasad/.pico-sdk/sdk/2.1.0/src/rp2_common/pico_bit_ops/bit_ops_aeabi.S.obj
 .text.__wrap___aeabi_idiv
                0x100019f8       0x50 CMakeFiles/hello_usb.dir/C_/Users/pasad/.pico-sdk/sdk/2.1.0/src/rp2_common/pico_divider/divider_hardware.S.obj
                0x100019f8                __wrap___aeabi_idivmod
                0x100019f8                divmod_s32s32
                0x100019f8                div_s32s32
                0x100019f8                __wrap___aeabi_idiv
                0x10001a00                divmod_s32s32_unsafe
                0x10001a2c                divmod_s32s32_savestate
 .text.__wrap___aeabi_uidiv
                0x10001a48       0x4c CMakeFiles/hello_usb.dir/C_/Users/pasad/.pico-sdk/sdk/2.1.0/src/rp2_common/pico_divider/divider_hardware.S.obj
                0x10001a48                __wrap___aeabi_uidiv
                0x10001a48                __wrap___aeabi_uidivmod
                0x10001a48                div_u32u32
                0x10001a48                divmod_u32u32
                0x10001a50                divmod_u32u32_unsafe
                0x10001a78                divmod_u32u32_savestate
 .text.__wrap___aeabi_ldiv
                0x10001a94      0x424 CMakeFiles/hello_usb.dir/C_/Users/pasad/.pico-sdk/sdk/2.1.0/src/rp2_common/pico_divider/divider_hardware.S.obj
                0x10001a94                div_s64s64
                0x10001a94                divmod_s64s64
                0x10001a94                __wrap___aeabi_ldivmod
                0x10001ac4                divmod_u64u64
                0x10001ac4                div_u64u64
                0x10001ac4                __wrap___aeabi_uldivmod
                0x10001ad4                divmod_u64u64_savestate
                0x10001af4                divmod_s64s64_unsafe
                0x10001b7c                divmod_u64u64_unsafe
 .text.__wrap___aeabi_darithmetic
                0x10001eb8       0x80 CMakeFiles/hello_usb.dir/C_/Users/pasad/.pico-sdk/sdk/2.1.0/src/rp2_common/pico_double/double_aeabi_rp2040.S.obj
                0x10001eb8                __wrap___aeabi_drsub
                0x10001ebe                __wrap___aeabi_dsub
                0x10001ed0                __wrap___aeabi_dadd
                0x10001ee2                __wrap___aeabi_ddiv
                0x10001f1e                __wrap___aeabi_dmul
 .text.__wrap___aeabi_cdcmple
                0x10001f38       0x6c CMakeFiles/hello_usb.dir/C_/Users/pasad/.pico-sdk/sdk/2.1.0/src/rp2_common/pico_double/double_aeabi_rp2040.S.obj
                0x10001f38                __wrap___aeabi_cdrcmple
                0x10001f48                __wrap___aeabi_cdcmpeq
                0x10001f48                __wrap___aeabi_cdcmple
 .text.__wrap___aeabi_dcmplt
                0x10001fa4        0xc CMakeFiles/hello_usb.dir/C_/Users/pasad/.pico-sdk/sdk/2.1.0/src/rp2_common/pico_double/double_aeabi_rp2040.S.obj
                0x10001fa4                __wrap___aeabi_dcmplt
 .text.__wrap___aeabi_dcmple
                0x10001fb0       0x10 CMakeFiles/hello_usb.dir/C_/Users/pasad/.pico-sdk/sdk/2.1.0/src/rp2_common/pico_double/double_aeabi_rp2040.S.obj
                0x10001fb0                __wrap___aeabi_dcmple
 .text.__wrap___aeabi_dcmpge
                0x10001fc0       0x10 CMakeFiles/hello_usb.dir/C_/Users/pasad/.pico-sdk/sdk/2.1.0/src/rp2_common/pico_double/double_aeabi_rp2040.S.obj
                0x10001fc0                __wrap___aeabi_dcmpge
 .text.__wrap___aeabi_dcmpgt
                0x10001fd0        0xa CMakeFiles/hello_usb.dir/C_/Users/pasad/.pico-sdk/sdk/2.1.0/src/rp2_common/pico_double/double_aeabi_rp2040.S.obj
                0x10001fd0                __wrap___aeabi_dcmpgt
 .text.__wrap___aeabi_dcmpun
                0x10001fda       0x18 CMakeFiles/hello_usb.dir/C_/Users/pasad/.pico-sdk/sdk/2.1.0/src/rp2_common/pico_double/double_aeabi_rp2040.S.obj
                0x10001fda                __wrap___aeabi_dcmpun
 *fill*         0x10001ff2        0x2 
 .text.__wrap___aeabi_i2d
                0x10001ff4       0x38 CMakeFiles/hello_usb.dir/C_/Users/pasad/.pico-sdk/sdk/2.1.0/src/rp2_common/pico_double/double_aeabi_rp2040.S.obj
                0x10001ff4                __wrap___aeabi_ui2d
                0x10001ffc                __wrap___aeabi_i2d
 .text.__wrap___aeabi_d2iz
                0x1000202c       0x48 CMakeFiles/hello_usb.dir/C_/Users/pasad/.pico-sdk/sdk/2.1.0/src/rp2_common/pico_double/double_aeabi_rp2040.S.obj
                0x1000202c                double2int_z
                0x1000202c                __wrap___aeabi_d2iz
 .text.__wrap___aeabi_d2uiz
                0x10002074       0x18 CMakeFiles/hello_usb.dir/C_/Users/pasad/.pico-sdk/sdk/2.1.0/src/rp2_common/pico_double/double_aeabi_rp2040.S.obj
                0x10002074                __wrap___aeabi_d2uiz
                0x10002074                double2uint
 .text.__aeabi_double_init
                0x1000208c       0xcc CMakeFiles/hello_usb.dir/C_/Users/pasad/.pico-sdk/sdk/2.1.0/src/rp2_common/pico_double/double_init_rom_rp2040.c.obj
                0x1000208c                __aeabi_double_init
 .text.__wrap_floor
                0x10002158       0x98 CMakeFiles/hello_usb.dir/C_/Users/pasad/.pico-sdk/sdk/2.1.0/src/rp2_common/pico_double/double_math.c.obj
                0x10002158                __wrap_floor
 .text.double_table_shim_on_use_helper
                0x100021f0       0x34 CMakeFiles/hello_usb.dir/C_/Users/pasad/.pico-sdk/sdk/2.1.0/src/rp2_common/pico_double/double_v1_rom_shim_rp2040.S.obj
                0x100021f0                double_table_shim_on_use_helper
 .text.__wrap___aeabi_dsub
                0x10002224       0x10 CMakeFiles/hello_usb.dir/C_/Users/pasad/.pico-sdk/sdk/2.1.0/src/rp2_common/pico_double/double_v1_rom_shim_rp2040.S.obj
                0x10002224                drsub_shim
                0x1000222a                dsub_shim
 .text.dadd_shim
                0x10002234      0x15c CMakeFiles/hello_usb.dir/C_/Users/pasad/.pico-sdk/sdk/2.1.0/src/rp2_common/pico_double/double_v1_rom_shim_rp2040.S.obj
                0x10002234                dadd_shim
 .text.dmul_shim
                0x10002390      0x15c CMakeFiles/hello_usb.dir/C_/Users/pasad/.pico-sdk/sdk/2.1.0/src/rp2_common/pico_double/double_v1_rom_shim_rp2040.S.obj
                0x10002390                dmul_shim
 .text.ddiv_shim
                0x100024ec      0x1b0 CMakeFiles/hello_usb.dir/C_/Users/pasad/.pico-sdk/sdk/2.1.0/src/rp2_common/pico_double/double_v1_rom_shim_rp2040.S.obj
                0x100024ec                ddiv_shim
 .text.double2uint_shim
                0x1000269c        0xe CMakeFiles/hello_usb.dir/C_/Users/pasad/.pico-sdk/sdk/2.1.0/src/rp2_common/pico_double/double_v1_rom_shim_rp2040.S.obj
                0x1000269c                double2uint_shim
                0x1000269e                double2ufix_shim
 *fill*         0x100026aa        0x2 
 .text.double2uint64_shim
                0x100026ac       0x70 CMakeFiles/hello_usb.dir/C_/Users/pasad/.pico-sdk/sdk/2.1.0/src/rp2_common/pico_double/double_v1_rom_shim_rp2040.S.obj
                0x100026ac                double2uint64_shim
                0x100026ae                double2ufix64_shim
                0x100026ce                d2fix_a
 .text.dunpacks
                0x1000271c       0x3c CMakeFiles/hello_usb.dir/C_/Users/pasad/.pico-sdk/sdk/2.1.0/src/rp2_common/pico_double/double_v1_rom_shim_rp2040.S.obj
                0x1000271c                dunpacks
 .text.__aeabi_lmul
                0x10002758       0x32 CMakeFiles/hello_usb.dir/C_/Users/pasad/.pico-sdk/sdk/2.1.0/src/rp2_common/pico_int64_ops/pico_int64_ops_aeabi.S.obj
                0x10002758                __wrap___aeabi_lmul
 *fill*         0x1000278a        0x2 
 .text.__wrap___aeabi_farithmetic
                0x1000278c       0x58 CMakeFiles/hello_usb.dir/C_/Users/pasad/.pico-sdk/sdk/2.1.0/src/rp2_common/pico_float/float_aeabi_rp2040.S.obj
                0x1000278c                __wrap___aeabi_frsub
                0x10002792                __wrap___aeabi_fsub
                0x1000279c                __wrap___aeabi_fadd
                0x100027a6                __wrap___aeabi_fdiv
                0x100027d2                __wrap___aeabi_fmul
 .text.__wrap___aeabi_i2f
                0x100027e4       0x44 CMakeFiles/hello_usb.dir/C_/Users/pasad/.pico-sdk/sdk/2.1.0/src/rp2_common/pico_float/float_aeabi_rp2040.S.obj
                0x100027e4                __wrap___aeabi_i2f
                0x100027e4                int2float
 .text.__wrap___aeabi_f2d
                0x10002828       0x14 CMakeFiles/hello_usb.dir/C_/Users/pasad/.pico-sdk/sdk/2.1.0/src/rp2_common/pico_float/float_aeabi_rp2040.S.obj
                0x10002828                __wrap___aeabi_f2d
 .text.__aeabi_float_init
                0x1000283c       0xfc CMakeFiles/hello_usb.dir/C_/Users/pasad/.pico-sdk/sdk/2.1.0/src/rp2_common/pico_float/float_init_rom_rp2040.c.obj
                0x1000283c                __aeabi_float_init
 .text.float_table_shim_on_use_helper
                0x10002938       0x34 CMakeFiles/hello_usb.dir/C_/Users/pasad/.pico-sdk/sdk/2.1.0/src/rp2_common/pico_float/float_v1_rom_shim_rp2040.S.obj
                0x10002938                float_table_shim_on_use_helper
 .text.float2double_shim
                0x1000296c       0x30 CMakeFiles/hello_usb.dir/C_/Users/pasad/.pico-sdk/sdk/2.1.0/src/rp2_common/pico_float/float_v1_rom_shim_rp2040.S.obj
                0x1000296c                float2double_shim
 .text          0x1000299c       0x10 CMakeFiles/hello_usb.dir/C_/Users/pasad/.pico-sdk/sdk/2.1.0/src/rp2_common/pico_mem_ops/mem_ops_aeabi.S.obj
                0x1000299c                __aeabi_mem_init
 .text.memset   0x100029ac        0xc CMakeFiles/hello_usb.dir/C_/Users/pasad/.pico-sdk/sdk/2.1.0/src/rp2_common/pico_mem_ops/mem_ops_aeabi.S.obj
                0x100029ac                __wrap_memset
 .text.memcpy   0x100029b8        0xc CMakeFiles/hello_usb.dir/C_/Users/pasad/.pico-sdk/sdk/2.1.0/src/rp2_common/pico_mem_ops/mem_ops_aeabi.S.obj
                0x100029b8                __wrap_memcpy
                0x100029b8                __wrap___aeabi_memcpy
 .text._out_null
                0x100029c4        0x2 CMakeFiles/hello_usb.dir/C_/Users/pasad/.pico-sdk/sdk/2.1.0/src/rp2_common/pico_printf/printf.c.obj
 .text._out_fct
                0x100029c6        0xe CMakeFiles/hello_usb.dir/C_/Users/pasad/.pico-sdk/sdk/2.1.0/src/rp2_common/pico_printf/printf.c.obj
 .text._atoi    0x100029d4       0x24 CMakeFiles/hello_usb.dir/C_/Users/pasad/.pico-sdk/sdk/2.1.0/src/rp2_common/pico_printf/printf.c.obj
 .text._out_rev
                0x100029f8       0xae CMakeFiles/hello_usb.dir/C_/Users/pasad/.pico-sdk/sdk/2.1.0/src/rp2_common/pico_printf/printf.c.obj
 .text._ntoa_format
                0x10002aa6      0x110 CMakeFiles/hello_usb.dir/C_/Users/pasad/.pico-sdk/sdk/2.1.0/src/rp2_common/pico_printf/printf.c.obj
 .text._ntoa_long
                0x10002bb6       0xbc CMakeFiles/hello_usb.dir/C_/Users/pasad/.pico-sdk/sdk/2.1.0/src/rp2_common/pico_printf/printf.c.obj
 .text._ntoa_long_long
                0x10002c72      0x10e CMakeFiles/hello_usb.dir/C_/Users/pasad/.pico-sdk/sdk/2.1.0/src/rp2_common/pico_printf/printf.c.obj
 .text._etoa    0x10002d80      0x420 CMakeFiles/hello_usb.dir/C_/Users/pasad/.pico-sdk/sdk/2.1.0/src/rp2_common/pico_printf/printf.c.obj
 .text._ftoa    0x100031a0      0x354 CMakeFiles/hello_usb.dir/C_/Users/pasad/.pico-sdk/sdk/2.1.0/src/rp2_common/pico_printf/printf.c.obj
 .text._vsnprintf
                0x100034f4      0x668 CMakeFiles/hello_usb.dir/C_/Users/pasad/.pico-sdk/sdk/2.1.0/src/rp2_common/pico_printf/printf.c.obj
 .text.vfctprintf
                0x10003b5c       0x20 CMakeFiles/hello_usb.dir/C_/Users/pasad/.pico-sdk/sdk/2.1.0/src/rp2_common/pico_printf/printf.c.obj
                0x10003b5c                vfctprintf
 .text._exit    0x10003b7c        0x4 CMakeFiles/hello_usb.dir/C_/Users/pasad/.pico-sdk/sdk/2.1.0/src/rp2_common/pico_clib_interface/newlib_interface.c.obj
                0x10003b7c                _exit
 .text.exit     0x10003b80        0x6 CMakeFiles/hello_usb.dir/C_/Users/pasad/.pico-sdk/sdk/2.1.0/src/rp2_common/pico_clib_interface/newlib_interface.c.obj
                0x10003b80                exit
 *fill*         0x10003b86        0x2 
 .text.__assert_func
                0x10003b88       0x38 CMakeFiles/hello_usb.dir/C_/Users/pasad/.pico-sdk/sdk/2.1.0/src/rp2_common/pico_clib_interface/newlib_interface.c.obj
                0x10003b88                __assert_func
 .text.runtime_init
                0x10003bc0       0x28 CMakeFiles/hello_usb.dir/C_/Users/pasad/.pico-sdk/sdk/2.1.0/src/rp2_common/pico_clib_interface/newlib_interface.c.obj
                0x10003bc0                runtime_init
 .text.stdio_out_chars_no_crlf
                0x10003be8        0xe CMakeFiles/hello_usb.dir/C_/Users/pasad/.pico-sdk/sdk/2.1.0/src/rp2_common/pico_stdio/stdio.c.obj
 *fill*         0x10003bf6        0x2 
 .text.stdio_out_chars_crlf
                0x10003bf8       0x80 CMakeFiles/hello_usb.dir/C_/Users/pasad/.pico-sdk/sdk/2.1.0/src/rp2_common/pico_stdio/stdio.c.obj
 .text.stdio_stack_buffer_flush
                0x10003c78       0x44 CMakeFiles/hello_usb.dir/C_/Users/pasad/.pico-sdk/sdk/2.1.0/src/rp2_common/pico_stdio/stdio.c.obj
 .text.stdio_buffered_printer
                0x10003cbc       0x20 CMakeFiles/hello_usb.dir/C_/Users/pasad/.pico-sdk/sdk/2.1.0/src/rp2_common/pico_stdio/stdio.c.obj
 .text.stdout_serialize_begin
                0x10003cdc       0x30 CMakeFiles/hello_usb.dir/C_/Users/pasad/.pico-sdk/sdk/2.1.0/src/rp2_common/pico_stdio/stdio.c.obj
                0x10003cdc                stdout_serialize_begin
 .text.stdout_serialize_end
                0x10003d0c       0x10 CMakeFiles/hello_usb.dir/C_/Users/pasad/.pico-sdk/sdk/2.1.0/src/rp2_common/pico_stdio/stdio.c.obj
                0x10003d0c                stdout_serialize_end
 .text.stdio_put_string
                0x10003d1c       0x94 CMakeFiles/hello_usb.dir/C_/Users/pasad/.pico-sdk/sdk/2.1.0/src/rp2_common/pico_stdio/stdio.c.obj
                0x10003d1c                stdio_put_string
 .text.stdio_set_driver_enabled
                0x10003db0       0x2c CMakeFiles/hello_usb.dir/C_/Users/pasad/.pico-sdk/sdk/2.1.0/src/rp2_common/pico_stdio/stdio.c.obj
                0x10003db0                stdio_set_driver_enabled
 .text.stdio_flush
                0x10003ddc       0x20 CMakeFiles/hello_usb.dir/C_/Users/pasad/.pico-sdk/sdk/2.1.0/src/rp2_common/pico_stdio/stdio.c.obj
                0x10003ddc                stdio_flush
 .text.stdio_init_all
                0x10003dfc        0x8 CMakeFiles/hello_usb.dir/C_/Users/pasad/.pico-sdk/sdk/2.1.0/src/rp2_common/pico_stdio/stdio.c.obj
                0x10003dfc                stdio_init_all
 .text.__wrap_puts
                0x10003e04       0x1e CMakeFiles/hello_usb.dir/C_/Users/pasad/.pico-sdk/sdk/2.1.0/src/rp2_common/pico_stdio/stdio.c.obj
                0x10003e04                stdio_puts
                0x10003e04                __wrap_puts
 *fill*         0x10003e22        0x2 
 .text.__wrap_vprintf
                0x10003e24       0x40 CMakeFiles/hello_usb.dir/C_/Users/pasad/.pico-sdk/sdk/2.1.0/src/rp2_common/pico_stdio/stdio.c.obj
                0x10003e24                stdio_vprintf
                0x10003e24                __wrap_vprintf
 .text.__wrap_printf
                0x10003e64       0x18 CMakeFiles/hello_usb.dir/C_/Users/pasad/.pico-sdk/sdk/2.1.0/src/rp2_common/pico_stdio/stdio.c.obj
                0x10003e64                __wrap_printf
                0x10003e64                stdio_printf
 .text.resetd_init
                0x10003e7c        0x2 CMakeFiles/hello_usb.dir/C_/Users/pasad/.pico-sdk/sdk/2.1.0/src/rp2_common/pico_stdio_usb/reset_interface.c.obj
 *fill*         0x10003e7e        0x2 
 .text.resetd_reset
                0x10003e80        0xc CMakeFiles/hello_usb.dir/C_/Users/pasad/.pico-sdk/sdk/2.1.0/src/rp2_common/pico_stdio_usb/reset_interface.c.obj
 .text.resetd_open
                0x10003e8c       0x34 CMakeFiles/hello_usb.dir/C_/Users/pasad/.pico-sdk/sdk/2.1.0/src/rp2_common/pico_stdio_usb/reset_interface.c.obj
 .text.resetd_xfer_cb
                0x10003ec0        0x4 CMakeFiles/hello_usb.dir/C_/Users/pasad/.pico-sdk/sdk/2.1.0/src/rp2_common/pico_stdio_usb/reset_interface.c.obj
 .text.resetd_control_xfer_cb
                0x10003ec4       0x60 CMakeFiles/hello_usb.dir/C_/Users/pasad/.pico-sdk/sdk/2.1.0/src/rp2_common/pico_stdio_usb/reset_interface.c.obj
 .text.tud_descriptor_bos_cb
                0x10003f24        0x8 CMakeFiles/hello_usb.dir/C_/Users/pasad/.pico-sdk/sdk/2.1.0/src/rp2_common/pico_stdio_usb/reset_interface.c.obj
                0x10003f24                tud_descriptor_bos_cb
 .text.tud_vendor_control_xfer_cb
                0x10003f2c       0x38 CMakeFiles/hello_usb.dir/C_/Users/pasad/.pico-sdk/sdk/2.1.0/src/rp2_common/pico_stdio_usb/reset_interface.c.obj
                0x10003f2c                tud_vendor_control_xfer_cb
 .text.usbd_app_driver_get_cb
                0x10003f64        0xc CMakeFiles/hello_usb.dir/C_/Users/pasad/.pico-sdk/sdk/2.1.0/src/rp2_common/pico_stdio_usb/reset_interface.c.obj
                0x10003f64                usbd_app_driver_get_cb
 .text.tud_cdc_line_coding_cb
                0x10003f70       0x2c CMakeFiles/hello_usb.dir/C_/Users/pasad/.pico-sdk/sdk/2.1.0/src/rp2_common/pico_stdio_usb/reset_interface.c.obj
                0x10003f70                tud_cdc_line_coding_cb
 .text.stdio_usb_set_chars_available_callback
                0x10003f9c       0x14 CMakeFiles/hello_usb.dir/C_/Users/pasad/.pico-sdk/sdk/2.1.0/src/rp2_common/pico_stdio_usb/stdio_usb.c.obj
                0x10003f9c                stdio_usb_set_chars_available_callback
 .text.stdio_usb_out_flush
                0x10003fb0       0x4c CMakeFiles/hello_usb.dir/C_/Users/pasad/.pico-sdk/sdk/2.1.0/src/rp2_common/pico_stdio_usb/stdio_usb.c.obj
 .text.usb_irq  0x10003ffc       0x10 CMakeFiles/hello_usb.dir/C_/Users/pasad/.pico-sdk/sdk/2.1.0/src/rp2_common/pico_stdio_usb/stdio_usb.c.obj
 .text.critical_section_enter_blocking
                0x1000400c       0x16 CMakeFiles/hello_usb.dir/C_/Users/pasad/.pico-sdk/sdk/2.1.0/src/rp2_common/pico_stdio_usb/stdio_usb.c.obj
 *fill*         0x10004022        0x2 
 .text.timer_task
                0x10004024       0x60 CMakeFiles/hello_usb.dir/C_/Users/pasad/.pico-sdk/sdk/2.1.0/src/rp2_common/pico_stdio_usb/stdio_usb.c.obj
 .text.alarm_pool_add_alarm_in_us
                0x10004084       0x40 CMakeFiles/hello_usb.dir/C_/Users/pasad/.pico-sdk/sdk/2.1.0/src/rp2_common/pico_stdio_usb/stdio_usb.c.obj
 .text.add_alarm_in_us
                0x100040c4       0x2e CMakeFiles/hello_usb.dir/C_/Users/pasad/.pico-sdk/sdk/2.1.0/src/rp2_common/pico_stdio_usb/stdio_usb.c.obj
 *fill*         0x100040f2        0x2 
 .text.low_priority_worker_irq
                0x100040f4       0xa0 CMakeFiles/hello_usb.dir/C_/Users/pasad/.pico-sdk/sdk/2.1.0/src/rp2_common/pico_stdio_usb/stdio_usb.c.obj
 .text.stdio_usb_init
                0x10004194       0xdc CMakeFiles/hello_usb.dir/C_/Users/pasad/.pico-sdk/sdk/2.1.0/src/rp2_common/pico_stdio_usb/stdio_usb.c.obj
                0x10004194                stdio_usb_init
 .text.stdio_usb_connected
                0x10004270        0xa CMakeFiles/hello_usb.dir/C_/Users/pasad/.pico-sdk/sdk/2.1.0/src/rp2_common/pico_stdio_usb/stdio_usb.c.obj
                0x10004270                stdio_usb_connected
 *fill*         0x1000427a        0x2 
 .text.stdio_usb_in_chars
                0x1000427c       0x98 CMakeFiles/hello_usb.dir/C_/Users/pasad/.pico-sdk/sdk/2.1.0/src/rp2_common/pico_stdio_usb/stdio_usb.c.obj
                0x1000427c                stdio_usb_in_chars
 .text.stdio_usb_out_chars
                0x10004314       0xe8 CMakeFiles/hello_usb.dir/C_/Users/pasad/.pico-sdk/sdk/2.1.0/src/rp2_common/pico_stdio_usb/stdio_usb.c.obj
 .text.tud_descriptor_device_cb
                0x100043fc        0x8 CMakeFiles/hello_usb.dir/C_/Users/pasad/.pico-sdk/sdk/2.1.0/src/rp2_common/pico_stdio_usb/stdio_usb_descriptors.c.obj
                0x100043fc                tud_descriptor_device_cb
 .text.tud_descriptor_configuration_cb
                0x10004404        0x8 CMakeFiles/hello_usb.dir/C_/Users/pasad/.pico-sdk/sdk/2.1.0/src/rp2_common/pico_stdio_usb/stdio_usb_descriptors.c.obj
                0x10004404                tud_descriptor_configuration_cb
 .text.tud_descriptor_string_cb
                0x1000440c       0x6c CMakeFiles/hello_usb.dir/C_/Users/pasad/.pico-sdk/sdk/2.1.0/src/rp2_common/pico_stdio_usb/stdio_usb_descriptors.c.obj
                0x1000440c                tud_descriptor_string_cb
 .text._retrieve_unique_id_on_boot
                0x10004478       0x10 CMakeFiles/hello_usb.dir/C_/Users/pasad/.pico-sdk/sdk/2.1.0/src/rp2_common/pico_unique_id/unique_id.c.obj
 .text.pico_get_unique_board_id_string
                0x10004488       0x5c CMakeFiles/hello_usb.dir/C_/Users/pasad/.pico-sdk/sdk/2.1.0/src/rp2_common/pico_unique_id/unique_id.c.obj
                0x10004488                pico_get_unique_board_id_string
 .text.flash_get_unique_id
                0x100044e4       0x40 CMakeFiles/hello_usb.dir/C_/Users/pasad/.pico-sdk/sdk/2.1.0/src/rp2_common/hardware_flash/flash.c.obj
                0x100044e4                flash_get_unique_id
 .text._hw_endpoint_alloc
                0x10004524       0x70 CMakeFiles/hello_usb.dir/C_/Users/pasad/.pico-sdk/sdk/2.1.0/lib/tinyusb/src/portable/raspberrypi/rp2040/dcd_rp2040.c.obj
 .text.hw_endpoint_init
                0x10004594       0xbc CMakeFiles/hello_usb.dir/C_/Users/pasad/.pico-sdk/sdk/2.1.0/lib/tinyusb/src/portable/raspberrypi/rp2040/dcd_rp2040.c.obj
 .text.hw_endpoint_xfer
                0x10004650       0x20 CMakeFiles/hello_usb.dir/C_/Users/pasad/.pico-sdk/sdk/2.1.0/lib/tinyusb/src/portable/raspberrypi/rp2040/dcd_rp2040.c.obj
 .text.dcd_int_enable
                0x10004670       0x2c CMakeFiles/hello_usb.dir/C_/Users/pasad/.pico-sdk/sdk/2.1.0/lib/tinyusb/src/portable/raspberrypi/rp2040/dcd_rp2040.c.obj
                0x10004670                dcd_int_enable
 .text.dcd_set_address
                0x1000469c       0x2c CMakeFiles/hello_usb.dir/C_/Users/pasad/.pico-sdk/sdk/2.1.0/lib/tinyusb/src/portable/raspberrypi/rp2040/dcd_rp2040.c.obj
                0x1000469c                dcd_set_address
 .text.dcd_connect
                0x100046c8       0x10 CMakeFiles/hello_usb.dir/C_/Users/pasad/.pico-sdk/sdk/2.1.0/lib/tinyusb/src/portable/raspberrypi/rp2040/dcd_rp2040.c.obj
                0x100046c8                dcd_connect
 .text.dcd_init
                0x100046d8       0x80 CMakeFiles/hello_usb.dir/C_/Users/pasad/.pico-sdk/sdk/2.1.0/lib/tinyusb/src/portable/raspberrypi/rp2040/dcd_rp2040.c.obj
                0x100046d8                dcd_init
 .text.dcd_sof_enable
                0x10004758       0x1c CMakeFiles/hello_usb.dir/C_/Users/pasad/.pico-sdk/sdk/2.1.0/lib/tinyusb/src/portable/raspberrypi/rp2040/dcd_rp2040.c.obj
                0x10004758                dcd_sof_enable
 .text.dcd_edpt0_status_complete
                0x10004774       0x1c CMakeFiles/hello_usb.dir/C_/Users/pasad/.pico-sdk/sdk/2.1.0/lib/tinyusb/src/portable/raspberrypi/rp2040/dcd_rp2040.c.obj
                0x10004774                dcd_edpt0_status_complete
 .text.dcd_edpt_open
                0x10004790       0x40 CMakeFiles/hello_usb.dir/C_/Users/pasad/.pico-sdk/sdk/2.1.0/lib/tinyusb/src/portable/raspberrypi/rp2040/dcd_rp2040.c.obj
                0x10004790                dcd_edpt_open
 .text.dcd_edpt_close_all
                0x100047d0        0x8 CMakeFiles/hello_usb.dir/C_/Users/pasad/.pico-sdk/sdk/2.1.0/lib/tinyusb/src/portable/raspberrypi/rp2040/dcd_rp2040.c.obj
                0x100047d0                dcd_edpt_close_all
 .text.dcd_edpt_xfer
                0x100047d8       0x30 CMakeFiles/hello_usb.dir/C_/Users/pasad/.pico-sdk/sdk/2.1.0/lib/tinyusb/src/portable/raspberrypi/rp2040/dcd_rp2040.c.obj
                0x100047d8                dcd_edpt_xfer
 .text.dcd_edpt_stall
                0x10004808       0x3c CMakeFiles/hello_usb.dir/C_/Users/pasad/.pico-sdk/sdk/2.1.0/lib/tinyusb/src/portable/raspberrypi/rp2040/dcd_rp2040.c.obj
                0x10004808                dcd_edpt_stall
 .text.dcd_edpt_clear_stall
                0x10004844       0x30 CMakeFiles/hello_usb.dir/C_/Users/pasad/.pico-sdk/sdk/2.1.0/lib/tinyusb/src/portable/raspberrypi/rp2040/dcd_rp2040.c.obj
                0x10004844                dcd_edpt_clear_stall
 .text.unaligned_memcpy
                0x10004874       0x14 CMakeFiles/hello_usb.dir/C_/Users/pasad/.pico-sdk/sdk/2.1.0/lib/tinyusb/src/portable/raspberrypi/rp2040/rp2040_usb.c.obj
 .text.rp2040_usb_init
                0x10004888       0x44 CMakeFiles/hello_usb.dir/C_/Users/pasad/.pico-sdk/sdk/2.1.0/lib/tinyusb/src/portable/raspberrypi/rp2040/rp2040_usb.c.obj
                0x10004888                rp2040_usb_init
 .text.hw_endpoint_xfer_start
                0x100048cc       0x60 CMakeFiles/hello_usb.dir/C_/Users/pasad/.pico-sdk/sdk/2.1.0/lib/tinyusb/src/portable/raspberrypi/rp2040/rp2040_usb.c.obj
                0x100048cc                hw_endpoint_xfer_start
 .text.configuration_reset
                0x1000492c       0x84 CMakeFiles/hello_usb.dir/C_/Users/pasad/.pico-sdk/sdk/2.1.0/lib/tinyusb/src/device/usbd.c.obj
 .text.critical_section_enter_blocking
                0x100049b0       0x16 CMakeFiles/hello_usb.dir/C_/Users/pasad/.pico-sdk/sdk/2.1.0/lib/tinyusb/src/device/usbd.c.obj
 .text.usbd_reset
                0x100049c6        0xc CMakeFiles/hello_usb.dir/C_/Users/pasad/.pico-sdk/sdk/2.1.0/lib/tinyusb/src/device/usbd.c.obj
 .text.invoke_class_control
                0x100049d2       0x1a CMakeFiles/hello_usb.dir/C_/Users/pasad/.pico-sdk/sdk/2.1.0/lib/tinyusb/src/device/usbd.c.obj
 .text.process_set_config
                0x100049ec      0x1b0 CMakeFiles/hello_usb.dir/C_/Users/pasad/.pico-sdk/sdk/2.1.0/lib/tinyusb/src/device/usbd.c.obj
 .text.tud_event_hook_cb
                0x10004b9c        0x2 CMakeFiles/hello_usb.dir/C_/Users/pasad/.pico-sdk/sdk/2.1.0/lib/tinyusb/src/device/usbd.c.obj
                0x10004b9c                tud_event_hook_cb
 .text.tud_sof_cb
                0x10004b9e        0x2 CMakeFiles/hello_usb.dir/C_/Users/pasad/.pico-sdk/sdk/2.1.0/lib/tinyusb/src/device/usbd.c.obj
                0x10004b9e                tud_sof_cb
 .text.tud_descriptor_device_qualifier_cb
                0x10004ba0        0x4 CMakeFiles/hello_usb.dir/C_/Users/pasad/.pico-sdk/sdk/2.1.0/lib/tinyusb/src/device/usbd.c.obj
                0x10004ba0                tud_descriptor_device_qualifier_cb
 .text.tud_descriptor_other_speed_configuration_cb
                0x10004ba4        0x4 CMakeFiles/hello_usb.dir/C_/Users/pasad/.pico-sdk/sdk/2.1.0/lib/tinyusb/src/device/usbd.c.obj
                0x10004ba4                tud_descriptor_other_speed_configuration_cb
 .text.process_get_descriptor
                0x10004ba8       0xe0 CMakeFiles/hello_usb.dir/C_/Users/pasad/.pico-sdk/sdk/2.1.0/lib/tinyusb/src/device/usbd.c.obj
 .text.tud_mount_cb
                0x10004c88        0x2 CMakeFiles/hello_usb.dir/C_/Users/pasad/.pico-sdk/sdk/2.1.0/lib/tinyusb/src/device/usbd.c.obj
                0x10004c88                tud_mount_cb
 .text.tud_umount_cb
                0x10004c8a        0x2 CMakeFiles/hello_usb.dir/C_/Users/pasad/.pico-sdk/sdk/2.1.0/lib/tinyusb/src/device/usbd.c.obj
                0x10004c8a                tud_umount_cb
 .text.tud_suspend_cb
                0x10004c8c        0x2 CMakeFiles/hello_usb.dir/C_/Users/pasad/.pico-sdk/sdk/2.1.0/lib/tinyusb/src/device/usbd.c.obj
                0x10004c8c                tud_suspend_cb
 .text.tud_resume_cb
                0x10004c8e        0x2 CMakeFiles/hello_usb.dir/C_/Users/pasad/.pico-sdk/sdk/2.1.0/lib/tinyusb/src/device/usbd.c.obj
                0x10004c8e                tud_resume_cb
 .text.tud_mounted
                0x10004c90       0x10 CMakeFiles/hello_usb.dir/C_/Users/pasad/.pico-sdk/sdk/2.1.0/lib/tinyusb/src/device/usbd.c.obj
                0x10004c90                tud_mounted
 .text.tud_suspended
                0x10004ca0       0x10 CMakeFiles/hello_usb.dir/C_/Users/pasad/.pico-sdk/sdk/2.1.0/lib/tinyusb/src/device/usbd.c.obj
                0x10004ca0                tud_suspended
 .text.tud_inited
                0x10004cb0       0x14 CMakeFiles/hello_usb.dir/C_/Users/pasad/.pico-sdk/sdk/2.1.0/lib/tinyusb/src/device/usbd.c.obj
                0x10004cb0                tud_inited
 .text.tud_init
                0x10004cc4       0xdc CMakeFiles/hello_usb.dir/C_/Users/pasad/.pico-sdk/sdk/2.1.0/lib/tinyusb/src/device/usbd.c.obj
                0x10004cc4                tud_init
 .text.usbd_edpt_open
                0x10004da0       0x60 CMakeFiles/hello_usb.dir/C_/Users/pasad/.pico-sdk/sdk/2.1.0/lib/tinyusb/src/device/usbd.c.obj
                0x10004da0                usbd_edpt_open
 .text.usbd_open_edpt_pair
                0x10004e00       0x88 CMakeFiles/hello_usb.dir/C_/Users/pasad/.pico-sdk/sdk/2.1.0/lib/tinyusb/src/device/usbd.c.obj
                0x10004e00                usbd_open_edpt_pair
 .text.usbd_edpt_claim
                0x10004e88       0x28 CMakeFiles/hello_usb.dir/C_/Users/pasad/.pico-sdk/sdk/2.1.0/lib/tinyusb/src/device/usbd.c.obj
                0x10004e88                usbd_edpt_claim
 .text.usbd_edpt_release
                0x10004eb0       0x28 CMakeFiles/hello_usb.dir/C_/Users/pasad/.pico-sdk/sdk/2.1.0/lib/tinyusb/src/device/usbd.c.obj
                0x10004eb0                usbd_edpt_release
 .text.usbd_edpt_xfer
                0x10004ed8       0x88 CMakeFiles/hello_usb.dir/C_/Users/pasad/.pico-sdk/sdk/2.1.0/lib/tinyusb/src/device/usbd.c.obj
                0x10004ed8                usbd_edpt_xfer
 .text.usbd_edpt_stall
                0x10004f60       0x34 CMakeFiles/hello_usb.dir/C_/Users/pasad/.pico-sdk/sdk/2.1.0/lib/tinyusb/src/device/usbd.c.obj
                0x10004f60                usbd_edpt_stall
 .text.usbd_edpt_clear_stall
                0x10004f94       0x34 CMakeFiles/hello_usb.dir/C_/Users/pasad/.pico-sdk/sdk/2.1.0/lib/tinyusb/src/device/usbd.c.obj
                0x10004f94                usbd_edpt_clear_stall
 .text.usbd_edpt_stalled
                0x10004fc8       0x1c CMakeFiles/hello_usb.dir/C_/Users/pasad/.pico-sdk/sdk/2.1.0/lib/tinyusb/src/device/usbd.c.obj
                0x10004fc8                usbd_edpt_stalled
 .text.process_control_request
                0x10004fe4      0x390 CMakeFiles/hello_usb.dir/C_/Users/pasad/.pico-sdk/sdk/2.1.0/lib/tinyusb/src/device/usbd.c.obj
 .text.tud_task_ext
                0x10005374      0x1c8 CMakeFiles/hello_usb.dir/C_/Users/pasad/.pico-sdk/sdk/2.1.0/lib/tinyusb/src/device/usbd.c.obj
                0x10005374                tud_task_ext
 .text._status_stage_xact
                0x1000553c       0x1a CMakeFiles/hello_usb.dir/C_/Users/pasad/.pico-sdk/sdk/2.1.0/lib/tinyusb/src/device/usbd_control.c.obj
 *fill*         0x10005556        0x2 
 .text._data_stage_xact
                0x10005558       0x60 CMakeFiles/hello_usb.dir/C_/Users/pasad/.pico-sdk/sdk/2.1.0/lib/tinyusb/src/device/usbd_control.c.obj
 .text.tud_control_status
                0x100055b8       0x28 CMakeFiles/hello_usb.dir/C_/Users/pasad/.pico-sdk/sdk/2.1.0/lib/tinyusb/src/device/usbd_control.c.obj
                0x100055b8                tud_control_status
 .text.tud_control_xfer
                0x100055e0       0x98 CMakeFiles/hello_usb.dir/C_/Users/pasad/.pico-sdk/sdk/2.1.0/lib/tinyusb/src/device/usbd_control.c.obj
                0x100055e0                tud_control_xfer
 .text.usbd_control_reset
                0x10005678       0x14 CMakeFiles/hello_usb.dir/C_/Users/pasad/.pico-sdk/sdk/2.1.0/lib/tinyusb/src/device/usbd_control.c.obj
                0x10005678                usbd_control_reset
 .text.usbd_control_set_complete_callback
                0x1000568c        0xc CMakeFiles/hello_usb.dir/C_/Users/pasad/.pico-sdk/sdk/2.1.0/lib/tinyusb/src/device/usbd_control.c.obj
                0x1000568c                usbd_control_set_complete_callback
 .text.usbd_control_set_request
                0x10005698       0x1c CMakeFiles/hello_usb.dir/C_/Users/pasad/.pico-sdk/sdk/2.1.0/lib/tinyusb/src/device/usbd_control.c.obj
                0x10005698                usbd_control_set_request
 .text.usbd_control_xfer_cb
                0x100056b4       0xe0 CMakeFiles/hello_usb.dir/C_/Users/pasad/.pico-sdk/sdk/2.1.0/lib/tinyusb/src/device/usbd_control.c.obj
                0x100056b4                usbd_control_xfer_cb
 .text._prep_out_transaction
                0x10005794       0x72 CMakeFiles/hello_usb.dir/C_/Users/pasad/.pico-sdk/sdk/2.1.0/lib/tinyusb/src/class/cdc/cdc_device.c.obj
 *fill*         0x10005806        0x2 
 .text.tud_cdc_n_connected
                0x10005808       0x38 CMakeFiles/hello_usb.dir/C_/Users/pasad/.pico-sdk/sdk/2.1.0/lib/tinyusb/src/class/cdc/cdc_device.c.obj
                0x10005808                tud_cdc_n_connected
 .text.tud_cdc_n_available
                0x10005840       0x18 CMakeFiles/hello_usb.dir/C_/Users/pasad/.pico-sdk/sdk/2.1.0/lib/tinyusb/src/class/cdc/cdc_device.c.obj
                0x10005840                tud_cdc_n_available
 .text.tud_cdc_n_read
                0x10005858       0x38 CMakeFiles/hello_usb.dir/C_/Users/pasad/.pico-sdk/sdk/2.1.0/lib/tinyusb/src/class/cdc/cdc_device.c.obj
                0x10005858                tud_cdc_n_read
 .text.tud_cdc_n_write_flush
                0x10005890       0xcc CMakeFiles/hello_usb.dir/C_/Users/pasad/.pico-sdk/sdk/2.1.0/lib/tinyusb/src/class/cdc/cdc_device.c.obj
                0x10005890                tud_cdc_n_write_flush
 .text.tud_cdc_n_write
                0x1000595c       0x48 CMakeFiles/hello_usb.dir/C_/Users/pasad/.pico-sdk/sdk/2.1.0/lib/tinyusb/src/class/cdc/cdc_device.c.obj
                0x1000595c                tud_cdc_n_write
 .text.tud_cdc_n_write_available
                0x100059a4       0x1c CMakeFiles/hello_usb.dir/C_/Users/pasad/.pico-sdk/sdk/2.1.0/lib/tinyusb/src/class/cdc/cdc_device.c.obj
                0x100059a4                tud_cdc_n_write_available
 .text.cdcd_init
                0x100059c0       0xc0 CMakeFiles/hello_usb.dir/C_/Users/pasad/.pico-sdk/sdk/2.1.0/lib/tinyusb/src/class/cdc/cdc_device.c.obj
                0x100059c0                cdcd_init
 .text.cdcd_deinit
                0x10005a80       0x50 CMakeFiles/hello_usb.dir/C_/Users/pasad/.pico-sdk/sdk/2.1.0/lib/tinyusb/src/class/cdc/cdc_device.c.obj
                0x10005a80                cdcd_deinit
 .text.cdcd_reset
                0x10005ad0       0x78 CMakeFiles/hello_usb.dir/C_/Users/pasad/.pico-sdk/sdk/2.1.0/lib/tinyusb/src/class/cdc/cdc_device.c.obj
                0x10005ad0                cdcd_reset
 .text.cdcd_open
                0x10005b48       0xf0 CMakeFiles/hello_usb.dir/C_/Users/pasad/.pico-sdk/sdk/2.1.0/lib/tinyusb/src/class/cdc/cdc_device.c.obj
                0x10005b48                cdcd_open
 .text.cdcd_control_xfer_cb
                0x10005c38      0x138 CMakeFiles/hello_usb.dir/C_/Users/pasad/.pico-sdk/sdk/2.1.0/lib/tinyusb/src/class/cdc/cdc_device.c.obj
                0x10005c38                cdcd_control_xfer_cb
 .text.cdcd_xfer_cb
                0x10005d70      0x144 CMakeFiles/hello_usb.dir/C_/Users/pasad/.pico-sdk/sdk/2.1.0/lib/tinyusb/src/class/cdc/cdc_device.c.obj
                0x10005d70                cdcd_xfer_cb
 .text.tud_vendor_n_mounted
                0x10005eb4       0x40 CMakeFiles/hello_usb.dir/C_/Users/pasad/.pico-sdk/sdk/2.1.0/lib/tinyusb/src/class/vendor/vendor_device.c.obj
                0x10005eb4                tud_vendor_n_mounted
 .text.tud_vendor_n_write_flush
                0x10005ef4       0x24 CMakeFiles/hello_usb.dir/C_/Users/pasad/.pico-sdk/sdk/2.1.0/lib/tinyusb/src/class/vendor/vendor_device.c.obj
                0x10005ef4                tud_vendor_n_write_flush
 .text.vendord_init
                0x10005f18       0x90 CMakeFiles/hello_usb.dir/C_/Users/pasad/.pico-sdk/sdk/2.1.0/lib/tinyusb/src/class/vendor/vendor_device.c.obj
                0x10005f18                vendord_init
 .text.vendord_deinit
                0x10005fa8       0x34 CMakeFiles/hello_usb.dir/C_/Users/pasad/.pico-sdk/sdk/2.1.0/lib/tinyusb/src/class/vendor/vendor_device.c.obj
                0x10005fa8                vendord_deinit
 .text.vendord_reset
                0x10005fdc       0x38 CMakeFiles/hello_usb.dir/C_/Users/pasad/.pico-sdk/sdk/2.1.0/lib/tinyusb/src/class/vendor/vendor_device.c.obj
                0x10005fdc                vendord_reset
 .text.vendord_open
                0x10006014      0x164 CMakeFiles/hello_usb.dir/C_/Users/pasad/.pico-sdk/sdk/2.1.0/lib/tinyusb/src/class/vendor/vendor_device.c.obj
                0x10006014                vendord_open
 .text.vendord_xfer_cb
                0x10006178       0xc0 CMakeFiles/hello_usb.dir/C_/Users/pasad/.pico-sdk/sdk/2.1.0/lib/tinyusb/src/class/vendor/vendor_device.c.obj
                0x10006178                vendord_xfer_cb
 .text.tusb_init
                0x10006238       0x24 CMakeFiles/hello_usb.dir/C_/Users/pasad/.pico-sdk/sdk/2.1.0/lib/tinyusb/src/tusb.c.obj
                0x10006238                tusb_init
 .text.tu_edpt_claim
                0x1000625c       0x50 CMakeFiles/hello_usb.dir/C_/Users/pasad/.pico-sdk/sdk/2.1.0/lib/tinyusb/src/tusb.c.obj
                0x1000625c                tu_edpt_claim
 .text.tu_edpt_release
                0x100062ac       0x38 CMakeFiles/hello_usb.dir/C_/Users/pasad/.pico-sdk/sdk/2.1.0/lib/tinyusb/src/tusb.c.obj
                0x100062ac                tu_edpt_release
 .text.tu_edpt_validate
                0x100062e4       0xac CMakeFiles/hello_usb.dir/C_/Users/pasad/.pico-sdk/sdk/2.1.0/lib/tinyusb/src/tusb.c.obj
                0x100062e4                tu_edpt_validate
 .text.tu_edpt_bind_driver
                0x10006390       0x26 CMakeFiles/hello_usb.dir/C_/Users/pasad/.pico-sdk/sdk/2.1.0/lib/tinyusb/src/tusb.c.obj
                0x10006390                tu_edpt_bind_driver
 .text.tu_edpt_stream_init
                0x100063b6       0x62 CMakeFiles/hello_usb.dir/C_/Users/pasad/.pico-sdk/sdk/2.1.0/lib/tinyusb/src/tusb.c.obj
                0x100063b6                tu_edpt_stream_init
 .text.tu_edpt_stream_deinit
                0x10006418        0x4 CMakeFiles/hello_usb.dir/C_/Users/pasad/.pico-sdk/sdk/2.1.0/lib/tinyusb/src/tusb.c.obj
                0x10006418                tu_edpt_stream_deinit
 .text.tu_edpt_stream_write_zlp_if_needed
                0x1000641c       0x80 CMakeFiles/hello_usb.dir/C_/Users/pasad/.pico-sdk/sdk/2.1.0/lib/tinyusb/src/tusb.c.obj
                0x1000641c                tu_edpt_stream_write_zlp_if_needed
 .text.tu_edpt_stream_write_xfer
                0x1000649c       0x84 CMakeFiles/hello_usb.dir/C_/Users/pasad/.pico-sdk/sdk/2.1.0/lib/tinyusb/src/tusb.c.obj
                0x1000649c                tu_edpt_stream_write_xfer
 .text.tu_edpt_stream_read_xfer
                0x10006520       0xf4 CMakeFiles/hello_usb.dir/C_/Users/pasad/.pico-sdk/sdk/2.1.0/lib/tinyusb/src/tusb.c.obj
                0x10006520                tu_edpt_stream_read_xfer
 .text.advance_index
                0x10006614       0x1a CMakeFiles/hello_usb.dir/C_/Users/pasad/.pico-sdk/sdk/2.1.0/lib/tinyusb/src/common/tusb_fifo.c.obj
 .text._tu_fifo_peek
                0x1000662e       0x56 CMakeFiles/hello_usb.dir/C_/Users/pasad/.pico-sdk/sdk/2.1.0/lib/tinyusb/src/common/tusb_fifo.c.obj
 .text._ff_pull_n
                0x10006684       0x68 CMakeFiles/hello_usb.dir/C_/Users/pasad/.pico-sdk/sdk/2.1.0/lib/tinyusb/src/common/tusb_fifo.c.obj
 .text._tu_fifo_peek_n
                0x100066ec       0x6a CMakeFiles/hello_usb.dir/C_/Users/pasad/.pico-sdk/sdk/2.1.0/lib/tinyusb/src/common/tusb_fifo.c.obj
 .text._tu_fifo_read_n
                0x10006756       0x4e CMakeFiles/hello_usb.dir/C_/Users/pasad/.pico-sdk/sdk/2.1.0/lib/tinyusb/src/common/tusb_fifo.c.obj
 .text._ff_push_n
                0x100067a4       0x68 CMakeFiles/hello_usb.dir/C_/Users/pasad/.pico-sdk/sdk/2.1.0/lib/tinyusb/src/common/tusb_fifo.c.obj
 .text._tu_fifo_write_n
                0x1000680c       0xf0 CMakeFiles/hello_usb.dir/C_/Users/pasad/.pico-sdk/sdk/2.1.0/lib/tinyusb/src/common/tusb_fifo.c.obj
 .text.tu_fifo_config
                0x100068fc       0x7c CMakeFiles/hello_usb.dir/C_/Users/pasad/.pico-sdk/sdk/2.1.0/lib/tinyusb/src/common/tusb_fifo.c.obj
                0x100068fc                tu_fifo_config
 .text.tu_fifo_count
                0x10006978       0x2a CMakeFiles/hello_usb.dir/C_/Users/pasad/.pico-sdk/sdk/2.1.0/lib/tinyusb/src/common/tusb_fifo.c.obj
                0x10006978                tu_fifo_count
 .text.tu_fifo_empty
                0x100069a2        0xe CMakeFiles/hello_usb.dir/C_/Users/pasad/.pico-sdk/sdk/2.1.0/lib/tinyusb/src/common/tusb_fifo.c.obj
                0x100069a2                tu_fifo_empty
 .text.tu_fifo_full
                0x100069b0       0x28 CMakeFiles/hello_usb.dir/C_/Users/pasad/.pico-sdk/sdk/2.1.0/lib/tinyusb/src/common/tusb_fifo.c.obj
                0x100069b0                tu_fifo_full
 .text.tu_fifo_remaining
                0x100069d8       0x2c CMakeFiles/hello_usb.dir/C_/Users/pasad/.pico-sdk/sdk/2.1.0/lib/tinyusb/src/common/tusb_fifo.c.obj
                0x100069d8                tu_fifo_remaining
 .text.tu_fifo_read
                0x10006a04       0x42 CMakeFiles/hello_usb.dir/C_/Users/pasad/.pico-sdk/sdk/2.1.0/lib/tinyusb/src/common/tusb_fifo.c.obj
                0x10006a04                tu_fifo_read
 .text.tu_fifo_read_n
                0x10006a46        0xa CMakeFiles/hello_usb.dir/C_/Users/pasad/.pico-sdk/sdk/2.1.0/lib/tinyusb/src/common/tusb_fifo.c.obj
                0x10006a46                tu_fifo_read_n
 .text.tu_fifo_write
                0x10006a50       0x64 CMakeFiles/hello_usb.dir/C_/Users/pasad/.pico-sdk/sdk/2.1.0/lib/tinyusb/src/common/tusb_fifo.c.obj
                0x10006a50                tu_fifo_write
 .text.tu_fifo_write_n
                0x10006ab4        0xa CMakeFiles/hello_usb.dir/C_/Users/pasad/.pico-sdk/sdk/2.1.0/lib/tinyusb/src/common/tusb_fifo.c.obj
                0x10006ab4                tu_fifo_write_n
 .text.tu_fifo_clear
                0x10006abe       0x3e CMakeFiles/hello_usb.dir/C_/Users/pasad/.pico-sdk/sdk/2.1.0/lib/tinyusb/src/common/tusb_fifo.c.obj
                0x10006abe                tu_fifo_clear
 .text.tu_fifo_set_overwritable
                0x10006afc       0x46 CMakeFiles/hello_usb.dir/C_/Users/pasad/.pico-sdk/sdk/2.1.0/lib/tinyusb/src/common/tusb_fifo.c.obj
                0x10006afc                tu_fifo_set_overwritable
 *fill*         0x10006b42        0x2 
 .text.adc_init
                0x10006b44       0x34 CMakeFiles/hello_usb.dir/C_/Users/pasad/.pico-sdk/sdk/2.1.0/src/rp2_common/hardware_adc/adc.c.obj
                0x10006b44                adc_init
 .text.strlen   0x10006b78       0x5c C:/Users/pasad/.pico-sdk/toolchain/13_3_Rel1/bin/../lib/gcc/arm-none-eabi/13.3.1/thumb/v6-m/nofp\libg.a(libc_a-strlen-stub.o)
                0x10006b78                strlen
 *(.fini)
 .fini          0x10006bd4        0x4 C:/Users/pasad/.pico-sdk/toolchain/13_3_Rel1/bin/../lib/gcc/arm-none-eabi/13.3.1/thumb/v6-m/nofp/crti.o
                0x10006bd4                _fini
 .fini.__stub   0x10006bd8       0xd0 linker stubs
 *crtbegin.o(.ctors)
 *crtbegin?.o(.ctors)
 *(EXCLUDE_FILE(*crtend.o *crtend?.o) .ctors)
 *(SORT_BY_NAME(.ctors.*))
 *(.ctors)
 *crtbegin.o(.dtors)
 *crtbegin?.o(.dtors)
 *(EXCLUDE_FILE(*crtend.o *crtend?.o) .dtors)
 *(SORT_BY_NAME(.dtors.*))
 *(.dtors)
                0x10006ca8                        . = ALIGN (0x4)
                0x10006ca8                        PROVIDE (__preinit_array_start = .)
 *(SORT_BY_NAME(.preinit_array.*))
 .preinit_array.00100
                0x10006ca8        0x4 CMakeFiles/hello_usb.dir/C_/Users/pasad/.pico-sdk/sdk/2.1.0/src/rp2_common/pico_runtime_init/runtime_init.c.obj
                0x10006ca8                __pre_init_runtime_init_early_resets
 .preinit_array.00101
                0x10006cac        0x4 CMakeFiles/hello_usb.dir/C_/Users/pasad/.pico-sdk/sdk/2.1.0/src/rp2_common/pico_runtime_init/runtime_init.c.obj
                0x10006cac                __pre_init_runtime_init_usb_power_down
 .preinit_array.00275
                0x10006cb0        0x4 CMakeFiles/hello_usb.dir/C_/Users/pasad/.pico-sdk/sdk/2.1.0/src/rp2_common/pico_bit_ops/bit_ops_aeabi.S.obj
 .preinit_array.00300
                0x10006cb4        0x4 CMakeFiles/hello_usb.dir/C_/Users/pasad/.pico-sdk/sdk/2.1.0/src/rp2_common/pico_mem_ops/mem_ops_aeabi.S.obj
 .preinit_array.00350
                0x10006cb8        0x4 CMakeFiles/hello_usb.dir/C_/Users/pasad/.pico-sdk/sdk/2.1.0/src/rp2_common/pico_double/double_aeabi_rp2040.S.obj
 .preinit_array.00350
                0x10006cbc        0x4 CMakeFiles/hello_usb.dir/C_/Users/pasad/.pico-sdk/sdk/2.1.0/src/rp2_common/pico_float/float_aeabi_rp2040.S.obj
 .preinit_array.00500
                0x10006cc0        0x4 CMakeFiles/hello_usb.dir/C_/Users/pasad/.pico-sdk/sdk/2.1.0/src/rp2_common/pico_runtime_init/runtime_init.c.obj
                0x10006cc0                __pre_init_runtime_init_clocks
 .preinit_array.00600
                0x10006cc4        0x4 CMakeFiles/hello_usb.dir/C_/Users/pasad/.pico-sdk/sdk/2.1.0/src/rp2_common/pico_runtime_init/runtime_init.c.obj
                0x10006cc4                __pre_init_runtime_init_post_clock_resets
 .preinit_array.00700
                0x10006cc8        0x4 CMakeFiles/hello_usb.dir/C_/Users/pasad/.pico-sdk/sdk/2.1.0/src/rp2_common/pico_runtime_init/runtime_init.c.obj
                0x10006cc8                __pre_init_runtime_init_rp2040_gpio_ie_disable
 .preinit_array.01000
                0x10006ccc        0x4 CMakeFiles/hello_usb.dir/C_/Users/pasad/.pico-sdk/sdk/2.1.0/src/rp2_common/pico_runtime_init/runtime_init.c.obj
                0x10006ccc                __pre_init_runtime_init_spin_locks_reset
 .preinit_array.01100
                0x10006cd0        0x4 CMakeFiles/hello_usb.dir/C_/Users/pasad/.pico-sdk/sdk/2.1.0/src/common/pico_sync/mutex.c.obj
                0x10006cd0                __pre_init_runtime_init_mutex
 .preinit_array.10080
                0x10006cd4        0x4 CMakeFiles/hello_usb.dir/C_/Users/pasad/.pico-sdk/sdk/2.1.0/src/rp2_common/pico_runtime_init/runtime_init.c.obj
                0x10006cd4                __pre_init_runtime_init_install_ram_vector_table
 .preinit_array.11000
                0x10006cd8        0x4 CMakeFiles/hello_usb.dir/C_/Users/pasad/.pico-sdk/sdk/2.1.0/src/common/pico_time/time.c.obj
                0x10006cd8                __pre_init_runtime_init_default_alarm_pool
 .preinit_array.YYYYY
                0x10006cdc        0x4 CMakeFiles/hello_usb.dir/C_/Users/pasad/.pico-sdk/sdk/2.1.0/src/rp2_common/pico_runtime/runtime.c.obj
                0x10006cdc                __pre_init_first_per_core_initializer
 .preinit_array.ZZZZZ.01200
                0x10006ce0        0x4 CMakeFiles/hello_usb.dir/C_/Users/pasad/.pico-sdk/sdk/2.1.0/src/rp2_common/hardware_irq/irq.c.obj
                0x10006ce0                __pre_init_runtime_init_per_core_irq_priorities
 *(.preinit_array)
                0x10006ce4                        PROVIDE (__preinit_array_end = .)
                0x10006ce4                        . = ALIGN (0x4)
                0x10006ce4                        PROVIDE (__init_array_start = .)
 *(SORT_BY_NAME(.init_array.*))
 *(.init_array)
 .init_array    0x10006ce4        0x4 C:/Users/pasad/.pico-sdk/toolchain/13_3_Rel1/bin/../lib/gcc/arm-none-eabi/13.3.1/thumb/v6-m/nofp/crtbegin.o
 .init_array    0x10006ce8        0x4 CMakeFiles/hello_usb.dir/C_/Users/pasad/.pico-sdk/sdk/2.1.0/src/rp2_common/pico_unique_id/unique_id.c.obj
                0x10006cec                        PROVIDE (__init_array_end = .)
                0x10006cec                        . = ALIGN (0x4)
                [!provide]                        PROVIDE (__fini_array_start = .)
 *(SORT_BY_NAME(.fini_array.*))
 *(.fini_array)
                [!provide]                        PROVIDE (__fini_array_end = .)
 *(.eh_frame*)
 .eh_frame      0x10006cec        0x0 C:/Users/pasad/.pico-sdk/toolchain/13_3_Rel1/bin/../lib/gcc/arm-none-eabi/13.3.1/thumb/v6-m/nofp/crtbegin.o
                0x10006cec                        . = ALIGN (0x4)

.glue_7         0x10006cec        0x0
 .glue_7        0x10006cec        0x0 linker stubs

.glue_7t        0x10006cec        0x0
 .glue_7t       0x10006cec        0x0 linker stubs

.vfp11_veneer   0x10006cec        0x0
 .vfp11_veneer  0x10006cec        0x0 linker stubs

.v4_bx          0x10006cec        0x0
 .v4_bx         0x10006cec        0x0 linker stubs

.iplt           0x10006cec        0x0
 .iplt          0x10006cec        0x0 C:/Users/pasad/.pico-sdk/toolchain/13_3_Rel1/bin/../lib/gcc/arm-none-eabi/13.3.1/thumb/v6-m/nofp/crtbegin.o

.rodata         0x10006cf0     0x13ec
 *(EXCLUDE_FILE(*libm.a: *libc.a:*lib_a-mem*.o *libgcc.a:) .rodata*)
 .rodata.main.str1.4
                0x10006cf0      0xbdb CMakeFiles/hello_usb.dir/hello_usb.c.obj
                                  0x4 (size before relaxing)
 .rodata.rp2040_chip_version.str1.4
                0x100078cb       0x7d CMakeFiles/hello_usb.dir/C_/Users/pasad/.pico-sdk/sdk/2.1.0/src/rp2040/pico_platform/platform.c.obj
 *fill*         0x100078cb        0x1 
 .rodata.__func__.0
                0x100078cc       0x14 CMakeFiles/hello_usb.dir/C_/Users/pasad/.pico-sdk/sdk/2.1.0/src/rp2040/pico_platform/platform.c.obj
 .rodata.panic.str1.4
                0x100078e0       0x12 CMakeFiles/hello_usb.dir/C_/Users/pasad/.pico-sdk/sdk/2.1.0/src/rp2_common/pico_platform_panic/panic.c.obj
 .rodata.spin_lock_claim_unused.str1.4
                0x100078e0       0x1b CMakeFiles/hello_usb.dir/C_/Users/pasad/.pico-sdk/sdk/2.1.0/src/rp2_common/hardware_sync/sync.c.obj
 .rodata.resolve_j_16.str1.4
                0x100078e0       0x5d CMakeFiles/hello_usb.dir/C_/Users/pasad/.pico-sdk/sdk/2.1.0/src/rp2_common/hardware_irq/irq.c.obj
 .rodata.make_j_16.str1.4
                0x100078e0       0x30 CMakeFiles/hello_usb.dir/C_/Users/pasad/.pico-sdk/sdk/2.1.0/src/rp2_common/hardware_irq/irq.c.obj
 .rodata.irq_set_exclusive_handler.str1.4
                0x100078e0       0x36 CMakeFiles/hello_usb.dir/C_/Users/pasad/.pico-sdk/sdk/2.1.0/src/rp2_common/hardware_irq/irq.c.obj
 .rodata.irq_add_shared_handler.str1.4
                0x100078e0       0xd2 CMakeFiles/hello_usb.dir/C_/Users/pasad/.pico-sdk/sdk/2.1.0/src/rp2_common/hardware_irq/irq.c.obj
 .rodata.irq_add_tail_to_free_list.str1.4
                0x100078e0       0x3a CMakeFiles/hello_usb.dir/C_/Users/pasad/.pico-sdk/sdk/2.1.0/src/rp2_common/hardware_irq/irq.c.obj
 .rodata.user_irq_claim_unused.str1.4
                0x100078e0       0x1b CMakeFiles/hello_usb.dir/C_/Users/pasad/.pico-sdk/sdk/2.1.0/src/rp2_common/hardware_irq/irq.c.obj
 .rodata.__func__.0
                0x100078e0       0x1a CMakeFiles/hello_usb.dir/C_/Users/pasad/.pico-sdk/sdk/2.1.0/src/rp2_common/hardware_irq/irq.c.obj
 *fill*         0x100078fa        0x2 
 .rodata.__func__.3
                0x100078fc        0xa CMakeFiles/hello_usb.dir/C_/Users/pasad/.pico-sdk/sdk/2.1.0/src/rp2_common/hardware_irq/irq.c.obj
 *fill*         0x10007906        0x2 
 .rodata.__func__.4
                0x10007908        0xd CMakeFiles/hello_usb.dir/C_/Users/pasad/.pico-sdk/sdk/2.1.0/src/rp2_common/hardware_irq/irq.c.obj
 *fill*         0x10007915        0x3 
 .rodata.__func__.5
                0x10007918       0x17 CMakeFiles/hello_usb.dir/C_/Users/pasad/.pico-sdk/sdk/2.1.0/src/rp2_common/hardware_irq/irq.c.obj
 *fill*         0x1000792f        0x1 
 .rodata.__func__.6
                0x10007930       0x1a CMakeFiles/hello_usb.dir/C_/Users/pasad/.pico-sdk/sdk/2.1.0/src/rp2_common/hardware_irq/irq.c.obj
 .rodata.runtime_init_mutex.str1.4
                0x1000794a       0x60 CMakeFiles/hello_usb.dir/C_/Users/pasad/.pico-sdk/sdk/2.1.0/src/common/pico_sync/mutex.c.obj
 .rodata.str1.4
                0x1000794a       0x51 CMakeFiles/hello_usb.dir/C_/Users/pasad/.pico-sdk/sdk/2.1.0/src/common/pico_sync/mutex.c.obj
 *fill*         0x1000794a        0x2 
 .rodata.__func__.1
                0x1000794c        0xb CMakeFiles/hello_usb.dir/C_/Users/pasad/.pico-sdk/sdk/2.1.0/src/common/pico_sync/mutex.c.obj
 *fill*         0x10007957        0x1 
 .rodata.__func__.3
                0x10007958       0x18 CMakeFiles/hello_usb.dir/C_/Users/pasad/.pico-sdk/sdk/2.1.0/src/common/pico_sync/mutex.c.obj
 .rodata.__func__.6
                0x10007970       0x13 CMakeFiles/hello_usb.dir/C_/Users/pasad/.pico-sdk/sdk/2.1.0/src/common/pico_sync/mutex.c.obj
 .rodata.alarm_pool_irq_handler.str1.4
                0x10007983       0x6b CMakeFiles/hello_usb.dir/C_/Users/pasad/.pico-sdk/sdk/2.1.0/src/common/pico_time/time.c.obj
 .rodata.alarm_pool_get_default.str1.4
                0x10007983       0x21 CMakeFiles/hello_usb.dir/C_/Users/pasad/.pico-sdk/sdk/2.1.0/src/common/pico_time/time.c.obj
 .rodata.sleep_until.str1.4
                0x10007983       0x4d CMakeFiles/hello_usb.dir/C_/Users/pasad/.pico-sdk/sdk/2.1.0/src/common/pico_time/time.c.obj
 *fill*         0x10007983        0x1 
 .rodata.__func__.1
                0x10007984       0x17 CMakeFiles/hello_usb.dir/C_/Users/pasad/.pico-sdk/sdk/2.1.0/src/common/pico_time/time.c.obj
 *fill*         0x1000799b        0x1 
 .rodata.__func__.2
                0x1000799c       0x17 CMakeFiles/hello_usb.dir/C_/Users/pasad/.pico-sdk/sdk/2.1.0/src/common/pico_time/time.c.obj
 .rodata.timer_hardware_alarm_claim.str1.4
                0x100079b3       0x22 CMakeFiles/hello_usb.dir/C_/Users/pasad/.pico-sdk/sdk/2.1.0/src/rp2_common/hardware_timer/timer.c.obj
 .rodata.pll_init.str1.4
                0x100079b3      0x11c CMakeFiles/hello_usb.dir/C_/Users/pasad/.pico-sdk/sdk/2.1.0/src/rp2_common/hardware_pll/pll.c.obj
 *fill*         0x100079b3        0x1 
 .rodata.__func__.0
                0x100079b4        0x9 CMakeFiles/hello_usb.dir/C_/Users/pasad/.pico-sdk/sdk/2.1.0/src/rp2_common/hardware_pll/pll.c.obj
 .rodata.__aeabi_double_init.str1.4
                0x100079bd       0x9b CMakeFiles/hello_usb.dir/C_/Users/pasad/.pico-sdk/sdk/2.1.0/src/rp2_common/pico_double/double_init_rom_rp2040.c.obj
 *fill*         0x100079bd        0x3 
 .rodata.__func__.0
                0x100079c0       0x14 CMakeFiles/hello_usb.dir/C_/Users/pasad/.pico-sdk/sdk/2.1.0/src/rp2_common/pico_double/double_init_rom_rp2040.c.obj
 .rodata.__aeabi_float_init.str1.4
                0x100079d4       0x8d CMakeFiles/hello_usb.dir/C_/Users/pasad/.pico-sdk/sdk/2.1.0/src/rp2_common/pico_float/float_init_rom_rp2040.c.obj
 .rodata.__func__.0
                0x100079d4       0x13 CMakeFiles/hello_usb.dir/C_/Users/pasad/.pico-sdk/sdk/2.1.0/src/rp2_common/pico_float/float_init_rom_rp2040.c.obj
 .rodata.str1.4
                0x100079e7       0x40 CMakeFiles/hello_usb.dir/C_/Users/pasad/.pico-sdk/sdk/2.1.0/src/rp2_common/pico_standard_binary_info/standard_binary_info.c.obj
 *fill*         0x100079e7        0x1 
 .rodata.__bi_84
                0x100079e8        0xc CMakeFiles/hello_usb.dir/C_/Users/pasad/.pico-sdk/sdk/2.1.0/src/rp2_common/pico_standard_binary_info/standard_binary_info.c.obj
 .rodata.__bi_78
                0x100079f4        0xc CMakeFiles/hello_usb.dir/C_/Users/pasad/.pico-sdk/sdk/2.1.0/src/rp2_common/pico_standard_binary_info/standard_binary_info.c.obj
 .rodata.__bi_54
                0x10007a00        0xc CMakeFiles/hello_usb.dir/C_/Users/pasad/.pico-sdk/sdk/2.1.0/src/rp2_common/pico_standard_binary_info/standard_binary_info.c.obj
 .rodata.__bi_48
                0x10007a0c        0xc CMakeFiles/hello_usb.dir/C_/Users/pasad/.pico-sdk/sdk/2.1.0/src/rp2_common/pico_standard_binary_info/standard_binary_info.c.obj
 .rodata.__bi_42
                0x10007a18        0xc CMakeFiles/hello_usb.dir/C_/Users/pasad/.pico-sdk/sdk/2.1.0/src/rp2_common/pico_standard_binary_info/standard_binary_info.c.obj
 .rodata.__bi_34
                0x10007a24        0xc CMakeFiles/hello_usb.dir/C_/Users/pasad/.pico-sdk/sdk/2.1.0/src/rp2_common/pico_standard_binary_info/standard_binary_info.c.obj
 .rodata.__bi_26
                0x10007a30        0xc CMakeFiles/hello_usb.dir/C_/Users/pasad/.pico-sdk/sdk/2.1.0/src/rp2_common/pico_standard_binary_info/standard_binary_info.c.obj
 .rodata._ftoa.str1.4
                0x10007a3c       0x15 CMakeFiles/hello_usb.dir/C_/Users/pasad/.pico-sdk/sdk/2.1.0/src/rp2_common/pico_printf/printf.c.obj
 .rodata._vsnprintf
                0x10007a3c      0x19c CMakeFiles/hello_usb.dir/C_/Users/pasad/.pico-sdk/sdk/2.1.0/src/rp2_common/pico_printf/printf.c.obj
 .rodata.pow10.0
                0x10007bd8       0x50 CMakeFiles/hello_usb.dir/C_/Users/pasad/.pico-sdk/sdk/2.1.0/src/rp2_common/pico_printf/printf.c.obj
 .rodata.__assert_func.str1.4
                0x10007c28       0x43 CMakeFiles/hello_usb.dir/C_/Users/pasad/.pico-sdk/sdk/2.1.0/src/rp2_common/pico_clib_interface/newlib_interface.c.obj
 .rodata.crlf_str.0
                0x10007c28        0x2 CMakeFiles/hello_usb.dir/C_/Users/pasad/.pico-sdk/sdk/2.1.0/src/rp2_common/pico_stdio/stdio.c.obj
 *fill*         0x10007c2a        0x2 
 .rodata._resetd_driver
                0x10007c2c       0x20 CMakeFiles/hello_usb.dir/C_/Users/pasad/.pico-sdk/sdk/2.1.0/src/rp2_common/pico_stdio_usb/reset_interface.c.obj
 .rodata.desc_ms_os_20
                0x10007c4c       0xa6 CMakeFiles/hello_usb.dir/C_/Users/pasad/.pico-sdk/sdk/2.1.0/src/rp2_common/pico_stdio_usb/reset_interface.c.obj
 *fill*         0x10007cf2        0x2 
 .rodata.desc_bos
                0x10007cf4       0x21 CMakeFiles/hello_usb.dir/C_/Users/pasad/.pico-sdk/sdk/2.1.0/src/rp2_common/pico_stdio_usb/reset_interface.c.obj
                0x10007cf4                desc_bos
 .rodata.stdio_usb_init.str1.4
                0x10007d15       0x55 CMakeFiles/hello_usb.dir/C_/Users/pasad/.pico-sdk/sdk/2.1.0/src/rp2_common/pico_stdio_usb/stdio_usb.c.obj
 .rodata.str1.4
                0x10007d15       0x13 CMakeFiles/hello_usb.dir/C_/Users/pasad/.pico-sdk/sdk/2.1.0/src/rp2_common/pico_stdio_usb/stdio_usb.c.obj
 *fill*         0x10007d15        0x3 
 .rodata.__bi_197.1
                0x10007d18        0xc CMakeFiles/hello_usb.dir/C_/Users/pasad/.pico-sdk/sdk/2.1.0/src/rp2_common/pico_stdio_usb/stdio_usb.c.obj
 .rodata.__func__.2
                0x10007d24        0xf CMakeFiles/hello_usb.dir/C_/Users/pasad/.pico-sdk/sdk/2.1.0/src/rp2_common/pico_stdio_usb/stdio_usb.c.obj
 .rodata.str1.4
                0x10007d33       0x2a CMakeFiles/hello_usb.dir/C_/Users/pasad/.pico-sdk/sdk/2.1.0/src/rp2_common/pico_stdio_usb/stdio_usb_descriptors.c.obj
 *fill*         0x10007d33        0x1 
 .rodata.usbd_desc_str
                0x10007d34       0x18 CMakeFiles/hello_usb.dir/C_/Users/pasad/.pico-sdk/sdk/2.1.0/src/rp2_common/pico_stdio_usb/stdio_usb_descriptors.c.obj
 .rodata.usbd_desc_cfg
                0x10007d4c       0x54 CMakeFiles/hello_usb.dir/C_/Users/pasad/.pico-sdk/sdk/2.1.0/src/rp2_common/pico_stdio_usb/stdio_usb_descriptors.c.obj
 .rodata.usbd_desc_device
                0x10007da0       0x12 CMakeFiles/hello_usb.dir/C_/Users/pasad/.pico-sdk/sdk/2.1.0/src/rp2_common/pico_stdio_usb/stdio_usb_descriptors.c.obj
 .rodata.pico_get_unique_board_id_string.str1.4
                0x10007db2       0x55 CMakeFiles/hello_usb.dir/C_/Users/pasad/.pico-sdk/sdk/2.1.0/src/rp2_common/pico_unique_id/unique_id.c.obj
 *fill*         0x10007db2        0x2 
 .rodata.__func__.0
                0x10007db4       0x20 CMakeFiles/hello_usb.dir/C_/Users/pasad/.pico-sdk/sdk/2.1.0/src/rp2_common/pico_unique_id/unique_id.c.obj
 .rodata.str1.4
                0x10007dd4      0x199 CMakeFiles/hello_usb.dir/C_/Users/pasad/.pico-sdk/sdk/2.1.0/src/rp2_common/hardware_flash/flash.c.obj
 .rodata.__func__.0
                0x10007dd4        0xd CMakeFiles/hello_usb.dir/C_/Users/pasad/.pico-sdk/sdk/2.1.0/src/rp2_common/hardware_flash/flash.c.obj
 .rodata._hw_endpoint_alloc.str1.4
                0x10007de1       0xbd CMakeFiles/hello_usb.dir/C_/Users/pasad/.pico-sdk/sdk/2.1.0/lib/tinyusb/src/portable/raspberrypi/rp2040/dcd_rp2040.c.obj
 .rodata.str1.4
                0x10007de1       0x14 CMakeFiles/hello_usb.dir/C_/Users/pasad/.pico-sdk/sdk/2.1.0/lib/tinyusb/src/portable/raspberrypi/rp2040/dcd_rp2040.c.obj
 .rodata.dcd_int_enable.str1.4
                0x10007de1        0xc CMakeFiles/hello_usb.dir/C_/Users/pasad/.pico-sdk/sdk/2.1.0/lib/tinyusb/src/portable/raspberrypi/rp2040/dcd_rp2040.c.obj
 *fill*         0x10007de1        0x3 
 .rodata.__func__.0
                0x10007de4        0xe CMakeFiles/hello_usb.dir/C_/Users/pasad/.pico-sdk/sdk/2.1.0/lib/tinyusb/src/portable/raspberrypi/rp2040/dcd_rp2040.c.obj
 *fill*         0x10007df2        0x2 
 .rodata.__func__.1
                0x10007df4        0xe CMakeFiles/hello_usb.dir/C_/Users/pasad/.pico-sdk/sdk/2.1.0/lib/tinyusb/src/portable/raspberrypi/rp2040/dcd_rp2040.c.obj
 *fill*         0x10007e02        0x2 
 .rodata.__func__.3
                0x10007e04       0x10 CMakeFiles/hello_usb.dir/C_/Users/pasad/.pico-sdk/sdk/2.1.0/lib/tinyusb/src/portable/raspberrypi/rp2040/dcd_rp2040.c.obj
 .rodata.__func__.5
                0x10007e14        0xf CMakeFiles/hello_usb.dir/C_/Users/pasad/.pico-sdk/sdk/2.1.0/lib/tinyusb/src/portable/raspberrypi/rp2040/dcd_rp2040.c.obj
 *fill*         0x10007e23        0x1 
 .rodata.__func__.6
                0x10007e24       0x13 CMakeFiles/hello_usb.dir/C_/Users/pasad/.pico-sdk/sdk/2.1.0/lib/tinyusb/src/portable/raspberrypi/rp2040/dcd_rp2040.c.obj
 *fill*         0x10007e37        0x1 
 .rodata.__func__.7
                0x10007e38        0x9 CMakeFiles/hello_usb.dir/C_/Users/pasad/.pico-sdk/sdk/2.1.0/lib/tinyusb/src/portable/raspberrypi/rp2040/dcd_rp2040.c.obj
 .rodata.str1.4
                0x10007e41       0xe4 CMakeFiles/hello_usb.dir/C_/Users/pasad/.pico-sdk/sdk/2.1.0/lib/tinyusb/src/portable/raspberrypi/rp2040/rp2040_usb.c.obj
 .rodata.hw_endpoint_xfer_start.str1.4
                0x10007e41       0x38 CMakeFiles/hello_usb.dir/C_/Users/pasad/.pico-sdk/sdk/2.1.0/lib/tinyusb/src/portable/raspberrypi/rp2040/rp2040_usb.c.obj
 *fill*         0x10007e41        0x3 
 .rodata.__func__.0
                0x10007e44        0xf CMakeFiles/hello_usb.dir/C_/Users/pasad/.pico-sdk/sdk/2.1.0/lib/tinyusb/src/portable/raspberrypi/rp2040/rp2040_usb.c.obj
 .rodata.configuration_reset.str1.4
                0x10007e53       0x17 CMakeFiles/hello_usb.dir/C_/Users/pasad/.pico-sdk/sdk/2.1.0/lib/tinyusb/src/device/usbd.c.obj
 *fill*         0x10007e53        0x1 
 .rodata.process_get_descriptor
                0x10007e54       0x40 CMakeFiles/hello_usb.dir/C_/Users/pasad/.pico-sdk/sdk/2.1.0/lib/tinyusb/src/device/usbd.c.obj
 .rodata        0x10007e94       0x1c CMakeFiles/hello_usb.dir/C_/Users/pasad/.pico-sdk/sdk/2.1.0/lib/tinyusb/src/device/usbd.c.obj
 .rodata.process_control_request
                0x10007eb0       0x28 CMakeFiles/hello_usb.dir/C_/Users/pasad/.pico-sdk/sdk/2.1.0/lib/tinyusb/src/device/usbd.c.obj
 .rodata.tud_task_ext
                0x10007ed8       0x24 CMakeFiles/hello_usb.dir/C_/Users/pasad/.pico-sdk/sdk/2.1.0/lib/tinyusb/src/device/usbd.c.obj
 .rodata.__func__.1
                0x10007efc        0xf CMakeFiles/hello_usb.dir/C_/Users/pasad/.pico-sdk/sdk/2.1.0/lib/tinyusb/src/device/usbd.c.obj
 *fill*         0x10007f0b        0x1 
 .rodata.__func__.2
                0x10007f0c        0xf CMakeFiles/hello_usb.dir/C_/Users/pasad/.pico-sdk/sdk/2.1.0/lib/tinyusb/src/device/usbd.c.obj
 *fill*         0x10007f1b        0x1 
 .rodata.__func__.3
                0x10007f1c       0x14 CMakeFiles/hello_usb.dir/C_/Users/pasad/.pico-sdk/sdk/2.1.0/lib/tinyusb/src/device/usbd.c.obj
 .rodata.__func__.4
                0x10007f30        0xc CMakeFiles/hello_usb.dir/C_/Users/pasad/.pico-sdk/sdk/2.1.0/lib/tinyusb/src/device/usbd.c.obj
 .rodata.__func__.5
                0x10007f3c       0x17 CMakeFiles/hello_usb.dir/C_/Users/pasad/.pico-sdk/sdk/2.1.0/lib/tinyusb/src/device/usbd.c.obj
 *fill*         0x10007f53        0x1 
 .rodata.__func__.6
                0x10007f54       0x13 CMakeFiles/hello_usb.dir/C_/Users/pasad/.pico-sdk/sdk/2.1.0/lib/tinyusb/src/device/usbd.c.obj
 *fill*         0x10007f67        0x1 
 .rodata.__func__.7
                0x10007f68       0x18 CMakeFiles/hello_usb.dir/C_/Users/pasad/.pico-sdk/sdk/2.1.0/lib/tinyusb/src/device/usbd.c.obj
 .rodata.__func__.8
                0x10007f80       0x14 CMakeFiles/hello_usb.dir/C_/Users/pasad/.pico-sdk/sdk/2.1.0/lib/tinyusb/src/device/usbd.c.obj
 .rodata.__func__.9
                0x10007f94        0xd CMakeFiles/hello_usb.dir/C_/Users/pasad/.pico-sdk/sdk/2.1.0/lib/tinyusb/src/device/usbd.c.obj
 *fill*         0x10007fa1        0x3 
 .rodata.__func__.10
                0x10007fa4        0x9 CMakeFiles/hello_usb.dir/C_/Users/pasad/.pico-sdk/sdk/2.1.0/lib/tinyusb/src/device/usbd.c.obj
 *fill*         0x10007fad        0x3 
 .rodata._usbd_driver
                0x10007fb0       0x40 CMakeFiles/hello_usb.dir/C_/Users/pasad/.pico-sdk/sdk/2.1.0/lib/tinyusb/src/device/usbd.c.obj
 .rodata.tud_control_xfer.str1.4
                0x10007ff0       0x17 CMakeFiles/hello_usb.dir/C_/Users/pasad/.pico-sdk/sdk/2.1.0/lib/tinyusb/src/device/usbd_control.c.obj
 .rodata.__func__.0
                0x10007ff0       0x15 CMakeFiles/hello_usb.dir/C_/Users/pasad/.pico-sdk/sdk/2.1.0/lib/tinyusb/src/device/usbd_control.c.obj
 *fill*         0x10008005        0x3 
 .rodata.__func__.1
                0x10008008       0x11 CMakeFiles/hello_usb.dir/C_/Users/pasad/.pico-sdk/sdk/2.1.0/lib/tinyusb/src/device/usbd_control.c.obj
 .rodata.tud_cdc_n_write_flush.str1.4
                0x10008019       0x17 CMakeFiles/hello_usb.dir/C_/Users/pasad/.pico-sdk/sdk/2.1.0/lib/tinyusb/src/class/cdc/cdc_device.c.obj
 *fill*         0x10008019        0x3 
 .rodata.__func__.0
                0x1000801c        0xd CMakeFiles/hello_usb.dir/C_/Users/pasad/.pico-sdk/sdk/2.1.0/lib/tinyusb/src/class/cdc/cdc_device.c.obj
 *fill*         0x10008029        0x3 
 .rodata.__func__.1
                0x1000802c        0xa CMakeFiles/hello_usb.dir/C_/Users/pasad/.pico-sdk/sdk/2.1.0/lib/tinyusb/src/class/cdc/cdc_device.c.obj
 *fill*         0x10008036        0x2 
 .rodata.__func__.3
                0x10008038       0x16 CMakeFiles/hello_usb.dir/C_/Users/pasad/.pico-sdk/sdk/2.1.0/lib/tinyusb/src/class/cdc/cdc_device.c.obj
 .rodata.vendord_open.str1.4
                0x1000804e       0x17 CMakeFiles/hello_usb.dir/C_/Users/pasad/.pico-sdk/sdk/2.1.0/lib/tinyusb/src/class/vendor/vendor_device.c.obj
 *fill*         0x1000804e        0x2 
 .rodata.__func__.0
                0x10008050        0xd CMakeFiles/hello_usb.dir/C_/Users/pasad/.pico-sdk/sdk/2.1.0/lib/tinyusb/src/class/vendor/vendor_device.c.obj
 .rodata.tusb_init.str1.4
                0x1000805d       0x17 CMakeFiles/hello_usb.dir/C_/Users/pasad/.pico-sdk/sdk/2.1.0/lib/tinyusb/src/tusb.c.obj
 *fill*         0x1000805d        0x3 
 .rodata.__func__.0
                0x10008060       0x19 CMakeFiles/hello_usb.dir/C_/Users/pasad/.pico-sdk/sdk/2.1.0/lib/tinyusb/src/tusb.c.obj
 *fill*         0x10008079        0x3 
 .rodata.__func__.2
                0x1000807c       0x1a CMakeFiles/hello_usb.dir/C_/Users/pasad/.pico-sdk/sdk/2.1.0/lib/tinyusb/src/tusb.c.obj
 *fill*         0x10008096        0x2 
 .rodata.__func__.3
                0x10008098       0x23 CMakeFiles/hello_usb.dir/C_/Users/pasad/.pico-sdk/sdk/2.1.0/lib/tinyusb/src/tusb.c.obj
 *fill*         0x100080bb        0x1 
 .rodata.__func__.4
                0x100080bc       0x11 CMakeFiles/hello_usb.dir/C_/Users/pasad/.pico-sdk/sdk/2.1.0/lib/tinyusb/src/tusb.c.obj
 *fill*         0x100080cd        0x3 
 .rodata.__func__.5
                0x100080d0        0xa CMakeFiles/hello_usb.dir/C_/Users/pasad/.pico-sdk/sdk/2.1.0/lib/tinyusb/src/tusb.c.obj
                0x100080dc                        . = ALIGN (0x4)
 *fill*         0x100080da        0x2 
 *(SORT_BY_ALIGNMENT(SORT_BY_NAME(.flashdata*)))
                0x100080dc                        . = ALIGN (0x4)

.ARM.extab
 *(.ARM.extab* .gnu.linkonce.armextab.*)
                0x100080dc                        __exidx_start = .

.ARM.exidx
 *(.ARM.exidx* .gnu.linkonce.armexidx.*)
                0x100080dc                        __exidx_end = .
                0x100080dc                        . = ALIGN (0x4)
                0x100080dc                        __binary_info_start = .

.binary_info    0x100080dc       0x20
 *(.binary_info.keep.*)
 .binary_info.keep.__bi_ptr84
                0x100080dc        0x4 CMakeFiles/hello_usb.dir/C_/Users/pasad/.pico-sdk/sdk/2.1.0/src/rp2_common/pico_standard_binary_info/standard_binary_info.c.obj
 .binary_info.keep.__bi_ptr78
                0x100080e0        0x4 CMakeFiles/hello_usb.dir/C_/Users/pasad/.pico-sdk/sdk/2.1.0/src/rp2_common/pico_standard_binary_info/standard_binary_info.c.obj
 .binary_info.keep.__bi_ptr54
                0x100080e4        0x4 CMakeFiles/hello_usb.dir/C_/Users/pasad/.pico-sdk/sdk/2.1.0/src/rp2_common/pico_standard_binary_info/standard_binary_info.c.obj
 .binary_info.keep.__bi_ptr48
                0x100080e8        0x4 CMakeFiles/hello_usb.dir/C_/Users/pasad/.pico-sdk/sdk/2.1.0/src/rp2_common/pico_standard_binary_info/standard_binary_info.c.obj
 .binary_info.keep.__bi_ptr42
                0x100080ec        0x4 CMakeFiles/hello_usb.dir/C_/Users/pasad/.pico-sdk/sdk/2.1.0/src/rp2_common/pico_standard_binary_info/standard_binary_info.c.obj
 .binary_info.keep.__bi_ptr34
                0x100080f0        0x4 CMakeFiles/hello_usb.dir/C_/Users/pasad/.pico-sdk/sdk/2.1.0/src/rp2_common/pico_standard_binary_info/standard_binary_info.c.obj
 .binary_info.keep.__bi_ptr26
                0x100080f4        0x4 CMakeFiles/hello_usb.dir/C_/Users/pasad/.pico-sdk/sdk/2.1.0/src/rp2_common/pico_standard_binary_info/standard_binary_info.c.obj
 *(.binary_info.*)
 .binary_info.__bi_ptr197
                0x100080f8        0x4 CMakeFiles/hello_usb.dir/C_/Users/pasad/.pico-sdk/sdk/2.1.0/src/rp2_common/pico_stdio_usb/stdio_usb.c.obj
                0x100080fc                        __binary_info_end = .

.rel.dyn        0x100080fc        0x0
 .rel.iplt      0x100080fc        0x0 C:/Users/pasad/.pico-sdk/toolchain/13_3_Rel1/bin/../lib/gcc/arm-none-eabi/13.3.1/thumb/v6-m/nofp/crtbegin.o
                0x100080fc                        . = ALIGN (0x4)

.ram_vector_table
                0x20000000       0xc0
 *(.ram_vector_table)
 .ram_vector_table
                0x20000000       0xc0 CMakeFiles/hello_usb.dir/C_/Users/pasad/.pico-sdk/sdk/2.1.0/src/rp2_common/pico_runtime_init/runtime_init.c.obj
                0x20000000                ram_vector_table

.uninitialized_data
                0x200000c0        0x0
                0x200000c0                        . = ALIGN (0x4)
 *(.uninitialized_data*)

.data           0x200000c0      0xc00 load address 0x100080fc
                0x200000c0                        __data_start__ = .
 *(vtable)
 *(.time_critical*)
 .time_critical.mutex_try_enter